Archive member included to satisfy reference by file (symbol)

D:/Software/STM32CubeIDE_1.16.0/STM32CubeIDE/plugins/com.st.stm32cube.ide.mcu.externaltools.gnu-tools-for-stm32.12.3.rel1.win32_1.0.200.202406191623/tools/bin/../lib/gcc/arm-none-eabi/12.3.1/../../../../arm-none-eabi/lib/thumb/v7e-m+fp/hard\libc_nano.a(libc_a-exit.o)
                              D:/Software/STM32CubeIDE_1.16.0/STM32CubeIDE/plugins/com.st.stm32cube.ide.mcu.externaltools.gnu-tools-for-stm32.12.3.rel1.win32_1.0.200.202406191623/tools/bin/../lib/gcc/arm-none-eabi/12.3.1/../../../../arm-none-eabi/lib/thumb/v7e-m+fp/hard/crt0.o (exit)
D:/Software/STM32CubeIDE_1.16.0/STM32CubeIDE/plugins/com.st.stm32cube.ide.mcu.externaltools.gnu-tools-for-stm32.12.3.rel1.win32_1.0.200.202406191623/tools/bin/../lib/gcc/arm-none-eabi/12.3.1/../../../../arm-none-eabi/lib/thumb/v7e-m+fp/hard\libc_nano.a(libc_a-findfp.o)
                              D:/Software/STM32CubeIDE_1.16.0/STM32CubeIDE/plugins/com.st.stm32cube.ide.mcu.externaltools.gnu-tools-for-stm32.12.3.rel1.win32_1.0.200.202406191623/tools/bin/../lib/gcc/arm-none-eabi/12.3.1/../../../../arm-none-eabi/lib/thumb/v7e-m+fp/hard\libc_nano.a(libc_a-exit.o) (__stdio_exit_handler)
D:/Software/STM32CubeIDE_1.16.0/STM32CubeIDE/plugins/com.st.stm32cube.ide.mcu.externaltools.gnu-tools-for-stm32.12.3.rel1.win32_1.0.200.202406191623/tools/bin/../lib/gcc/arm-none-eabi/12.3.1/../../../../arm-none-eabi/lib/thumb/v7e-m+fp/hard\libc_nano.a(libc_a-fwalk.o)
                              D:/Software/STM32CubeIDE_1.16.0/STM32CubeIDE/plugins/com.st.stm32cube.ide.mcu.externaltools.gnu-tools-for-stm32.12.3.rel1.win32_1.0.200.202406191623/tools/bin/../lib/gcc/arm-none-eabi/12.3.1/../../../../arm-none-eabi/lib/thumb/v7e-m+fp/hard\libc_nano.a(libc_a-findfp.o) (_fwalk_sglue)
D:/Software/STM32CubeIDE_1.16.0/STM32CubeIDE/plugins/com.st.stm32cube.ide.mcu.externaltools.gnu-tools-for-stm32.12.3.rel1.win32_1.0.200.202406191623/tools/bin/../lib/gcc/arm-none-eabi/12.3.1/../../../../arm-none-eabi/lib/thumb/v7e-m+fp/hard\libc_nano.a(libc_a-snprintf.o)
                              ./Core/Src/Clock.o (snprintf)
D:/Software/STM32CubeIDE_1.16.0/STM32CubeIDE/plugins/com.st.stm32cube.ide.mcu.externaltools.gnu-tools-for-stm32.12.3.rel1.win32_1.0.200.202406191623/tools/bin/../lib/gcc/arm-none-eabi/12.3.1/../../../../arm-none-eabi/lib/thumb/v7e-m+fp/hard\libc_nano.a(libc_a-stdio.o)
                              D:/Software/STM32CubeIDE_1.16.0/STM32CubeIDE/plugins/com.st.stm32cube.ide.mcu.externaltools.gnu-tools-for-stm32.12.3.rel1.win32_1.0.200.202406191623/tools/bin/../lib/gcc/arm-none-eabi/12.3.1/../../../../arm-none-eabi/lib/thumb/v7e-m+fp/hard\libc_nano.a(libc_a-findfp.o) (__sread)
D:/Software/STM32CubeIDE_1.16.0/STM32CubeIDE/plugins/com.st.stm32cube.ide.mcu.externaltools.gnu-tools-for-stm32.12.3.rel1.win32_1.0.200.202406191623/tools/bin/../lib/gcc/arm-none-eabi/12.3.1/../../../../arm-none-eabi/lib/thumb/v7e-m+fp/hard\libc_nano.a(libc_a-memset.o)
                              D:/Software/STM32CubeIDE_1.16.0/STM32CubeIDE/plugins/com.st.stm32cube.ide.mcu.externaltools.gnu-tools-for-stm32.12.3.rel1.win32_1.0.200.202406191623/tools/bin/../lib/gcc/arm-none-eabi/12.3.1/../../../../arm-none-eabi/lib/thumb/v7e-m+fp/hard/crt0.o (memset)
D:/Software/STM32CubeIDE_1.16.0/STM32CubeIDE/plugins/com.st.stm32cube.ide.mcu.externaltools.gnu-tools-for-stm32.12.3.rel1.win32_1.0.200.202406191623/tools/bin/../lib/gcc/arm-none-eabi/12.3.1/../../../../arm-none-eabi/lib/thumb/v7e-m+fp/hard\libc_nano.a(libc_a-closer.o)
                              D:/Software/STM32CubeIDE_1.16.0/STM32CubeIDE/plugins/com.st.stm32cube.ide.mcu.externaltools.gnu-tools-for-stm32.12.3.rel1.win32_1.0.200.202406191623/tools/bin/../lib/gcc/arm-none-eabi/12.3.1/../../../../arm-none-eabi/lib/thumb/v7e-m+fp/hard\libc_nano.a(libc_a-stdio.o) (_close_r)
D:/Software/STM32CubeIDE_1.16.0/STM32CubeIDE/plugins/com.st.stm32cube.ide.mcu.externaltools.gnu-tools-for-stm32.12.3.rel1.win32_1.0.200.202406191623/tools/bin/../lib/gcc/arm-none-eabi/12.3.1/../../../../arm-none-eabi/lib/thumb/v7e-m+fp/hard\libc_nano.a(libc_a-reent.o)
                              D:/Software/STM32CubeIDE_1.16.0/STM32CubeIDE/plugins/com.st.stm32cube.ide.mcu.externaltools.gnu-tools-for-stm32.12.3.rel1.win32_1.0.200.202406191623/tools/bin/../lib/gcc/arm-none-eabi/12.3.1/../../../../arm-none-eabi/lib/thumb/v7e-m+fp/hard\libc_nano.a(libc_a-closer.o) (errno)
D:/Software/STM32CubeIDE_1.16.0/STM32CubeIDE/plugins/com.st.stm32cube.ide.mcu.externaltools.gnu-tools-for-stm32.12.3.rel1.win32_1.0.200.202406191623/tools/bin/../lib/gcc/arm-none-eabi/12.3.1/../../../../arm-none-eabi/lib/thumb/v7e-m+fp/hard\libc_nano.a(libc_a-impure.o)
[...]
Memory Configuration

Name             Origin             Length             Attributes
RAM              0x20000000         0x00010000         xrw
RAM2             0x10000000         0x00004000         xrw
FLASH            0x08000000         0x00040000         xr
*default*        0x00000000         0xffffffff

Linker script and memory map

LOAD D:/Software/STM32CubeIDE_1.16.0/STM32CubeIDE/plugins/com.st.stm32cube.ide.mcu.externaltools.gnu-tools-for-stm32.12.3.rel1.win32_1.0.200.202406191623/tools/bin/../lib/gcc/arm-none-eabi/12.3.1/thumb/v7e-m+fp/hard/crti.o
LOAD D:/Software/STM32CubeIDE_1.16.0/STM32CubeIDE/plugins/com.st.stm32cube.ide.mcu.externaltools.gnu-tools-for-stm32.12.3.rel1.win32_1.0.200.202406191623/tools/bin/../lib/gcc/arm-none-eabi/12.3.1/thumb/v7e-m+fp/hard/crtbegin.o
LOAD D:/Software/STM32CubeIDE_1.16.0/STM32CubeIDE/plugins/com.st.stm32cube.ide.mcu.externaltools.gnu-tools-for-stm32.12.3.rel1.win32_1.0.200.202406191623/tools/bin/../lib/gcc/arm-none-eabi/12.3.1/../../../../arm-none-eabi/lib/thumb/v7e-m+fp/hard/crt0.o
LOAD ./Core/Src/Clock.o
LOAD ./Core/Src/EEPROM.o
LOAD ./Core/Src/LCD_I2C.o
LOAD ./Core/Src/crc.o
LOAD ./Core/Src/eeprom_emul.o
LOAD ./Core/Src/flash_interface.o
LOAD ./Core/Src/gpio.o
LOAD ./Core/Src/i2c.o
LOAD ./Core/Src/main.o
LOAD ./Core/Src/stm32l4xx_hal_msp.o
LOAD ./Core/Src/stm32l4xx_it.o
LOAD ./Core/Src/syscalls.o
LOAD ./Core/Src/sysmem.o
LOAD ./Core/Src/system_stm32l4xx.o
LOAD ./Core/Src/tim.o
LOAD ./Core/Src/usart.o
LOAD ./Core/Startup/startup_stm32l432kcux.o
LOAD ./Drivers/STM32L4xx_HAL_Driver/Src/stm32l4xx_hal.o
LOAD ./Drivers/STM32L4xx_HAL_Driver/Src/stm32l4xx_hal_cortex.o
LOAD ./Drivers/STM32L4xx_HAL_Driver/Src/stm32l4xx_hal_crc.o
LOAD ./Drivers/STM32L4xx_HAL_Driver/Src/stm32l4xx_hal_crc_ex.o
LOAD ./Drivers/STM32L4xx_HAL_Driver/Src/stm32l4xx_hal_dma.o
LOAD ./Drivers/STM32L4xx_HAL_Driver/Src/stm32l4xx_hal_dma_ex.o
LOAD ./Drivers/STM32L4xx_HAL_Driver/Src/stm32l4xx_hal_exti.o
LOAD ./Drivers/STM32L4xx_HAL_Driver/Src/stm32l4xx_hal_flash.o
LOAD ./Drivers/STM32L4xx_HAL_Driver/Src/stm32l4xx_hal_flash_ex.o
LOAD ./Drivers/STM32L4xx_HAL_Driver/Src/stm32l4xx_hal_flash_ramfunc.o
LOAD ./Drivers/STM32L4xx_HAL_Driver/Src/stm32l4xx_hal_gpio.o
LOAD ./Drivers/STM32L4xx_HAL_Driver/Src/stm32l4xx_hal_i2c.o
LOAD ./Drivers/STM32L4xx_HAL_Driver/Src/stm32l4xx_hal_i2c_ex.o
LOAD ./Drivers/STM32L4xx_HAL_Driver/Src/stm32l4xx_hal_pwr.o
LOAD ./Drivers/STM32L4xx_HAL_Driver/Src/stm32l4xx_hal_pwr_ex.o
LOAD ./Drivers/STM32L4xx_HAL_Driver/Src/stm32l4xx_hal_rcc.o
LOAD ./Drivers/STM32L4xx_HAL_Driver/Src/stm32l4xx_hal_rcc_ex.o
LOAD ./Drivers/STM32L4xx_HAL_Driver/Src/stm32l4xx_hal_tim.o
LOAD ./Drivers/STM32L4xx_HAL_Driver/Src/stm32l4xx_hal_tim_ex.o
LOAD ./Drivers/STM32L4xx_HAL_Driver/Src/stm32l4xx_hal_uart.o
LOAD ./Drivers/STM32L4xx_HAL_Driver/Src/stm32l4xx_hal_uart_ex.o
START GROUP
LOAD D:/Software/STM32CubeIDE_1.16.0/STM32CubeIDE/plugins/com.st.stm32cube.ide.mcu.externaltools.gnu-tools-for-stm32.12.3.rel1.win32_1.0.200.202406191623/tools/bin/../lib/gcc/arm-none-eabi/12.3.1/../../../../arm-none-eabi/lib/thumb/v7e-m+fp/hard\libc_nano.a
LOAD D:/Software/STM32CubeIDE_1.16.0/STM32CubeIDE/plugins/com.st.stm32cube.ide.mcu.externaltools.gnu-tools-for-stm32.12.3.rel1.win32_1.0.200.202406191623/tools/bin/../lib/gcc/arm-none-eabi/12.3.1/../../../../arm-none-eabi/lib/thumb/v7e-m+fp/hard\libm.a
END GROUP
START GROUP
LOAD D:/Software/STM32CubeIDE_1.16.0/STM32CubeIDE/plugins/com.st.stm32cube.ide.mcu.externaltools.gnu-tools-for-stm32.12.3.rel1.win32_1.0.200.202406191623/tools/bin/../lib/gcc/arm-none-eabi/12.3.1/thumb/v7e-m+fp/hard\libgcc.a
LOAD D:/Software/STM32CubeIDE_1.16.0/STM32CubeIDE/plugins/com.st.stm32cube.ide.mcu.externaltools.gnu-tools-for-stm32.12.3.rel1.win32_1.0.200.202406191623/tools/bin/../lib/gcc/arm-none-eabi/12.3.1/../../../../arm-none-eabi/lib/thumb/v7e-m+fp/hard\libc_nano.a
END GROUP
START GROUP
LOAD D:/Software/STM32CubeIDE_1.16.0/STM32CubeIDE/plugins/com.st.stm32cube.ide.mcu.externaltools.gnu-tools-for-stm32.12.3.rel1.win32_1.0.200.202406191623/tools/bin/../lib/gcc/arm-none-eabi/12.3.1/thumb/v7e-m+fp/hard\libgcc.a
LOAD D:/Software/STM32CubeIDE_1.16.0/STM32CubeIDE/plugins/com.st.stm32cube.ide.mcu.externaltools.gnu-tools-for-stm32.12.3.rel1.win32_1.0.200.202406191623/tools/bin/../lib/gcc/arm-none-eabi/12.3.1/../../../../arm-none-eabi/lib/thumb/v7e-m+fp/hard\libc_nano.a
LOAD D:/Software/STM32CubeIDE_1.16.0/STM32CubeIDE/plugins/com.st.stm32cube.ide.mcu.externaltools.gnu-tools-for-stm32.12.3.rel1.win32_1.0.200.202406191623/tools/bin/../lib/gcc/arm-none-eabi/12.3.1/../../../../arm-none-eabi/lib/thumb/v7e-m+fp/hard\libnosys.a
END GROUP
START GROUP
LOAD D:/Software/STM32CubeIDE_1.16.0/STM32CubeIDE/plugins/com.st.stm32cube.ide.mcu.externaltools.gnu-tools-for-stm32.12.3.rel1.win32_1.0.200.202406191623/tools/bin/../lib/gcc/arm-none-eabi/12.3.1/thumb/v7e-m+fp/hard\libgcc.a
LOAD D:/Software/STM32CubeIDE_1.16.0/STM32CubeIDE/plugins/com.st.stm32cube.ide.mcu.externaltools.gnu-tools-for-stm32.12.3.rel1.win32_1.0.200.202406191623/tools/bin/../lib/gcc/arm-none-eabi/12.3.1/../../../../arm-none-eabi/lib/thumb/v7e-m+fp/hard\libc_nano.a
LOAD D:/Software/STM32CubeIDE_1.16.0/STM32CubeIDE/plugins/com.st.stm32cube.ide.mcu.externaltools.gnu-tools-for-stm32.12.3.rel1.win32_1.0.200.202406191623/tools/bin/../lib/gcc/arm-none-eabi/12.3.1/../../../../arm-none-eabi/lib/thumb/v7e-m+fp/hard\libnosys.a
END GROUP
LOAD D:/Software/STM32CubeIDE_1.16.0/STM32CubeIDE/plugins/com.st.stm32cube.ide.mcu.externaltools.gnu-tools-for-stm32.12.3.rel1.win32_1.0.200.202406191623/tools/bin/../lib/gcc/arm-none-eabi/12.3.1/thumb/v7e-m+fp/hard/crtend.o
LOAD D:/Software/STM32CubeIDE_1.16.0/STM32CubeIDE/plugins/com.st.stm32cube.ide.mcu.externaltools.gnu-tools-for-stm32.12.3.rel1.win32_1.0.200.202406191623/tools/bin/../lib/gcc/arm-none-eabi/12.3.1/thumb/v7e-m+fp/hard/crtn.o
                0x20010000                        _estack = (ORIGIN (RAM) + LENGTH (RAM))
                0x00000200                        _Min_Heap_Size = 0x200
                0x00000400                        _Min_Stack_Size = 0x400

.isr_vector     0x08000000      0x18c
                0x08000000                        . = ALIGN (0x4)
 *(.isr_vector)
 .isr_vector    0x08000000      0x18c ./Core/Startup/startup_stm32l432kcux.o
                0x08000000                g_pfnVectors
                0x0800018c                        . = ALIGN (0x4)

.text           0x08000190     0x87d4
                0x08000190                        . = ALIGN (0x4)
 *(.text)
 .text          0x08000190       0x40 D:/Software/STM32CubeIDE_1.16.0/STM32CubeIDE/plugins/com.st.stm32cube.ide.mcu.externaltools.gnu-tools-for-stm32.12.3.rel1.win32_1.0.200.202406191623/tools/bin/../lib/gcc/arm-none-eabi/12.3.1/thumb/v7e-m+fp/hard/crtbegin.o
 .text          0x080001d0       0xa0 D:/Software/STM32CubeIDE_1.16.0/STM32CubeIDE/plugins/com.st.stm32cube.ide.mcu.externaltools.gnu-tools-for-stm32.12.3.rel1.win32_1.0.200.202406191623/tools/bin/../lib/gcc/arm-none-eabi/12.3.1/../../../../arm-none-eabi/lib/thumb/v7e-m+fp/hard\libc_nano.a(libc_a-memchr.o)
                0x080001d0                memchr
 .text          0x08000270       0xa0 D:/Software/STM32CubeIDE_1.16.0/STM32CubeIDE/plugins/com.st.stm32cube.ide.mcu.externaltools.gnu-tools-for-stm32.12.3.rel1.win32_1.0.200.202406191623/tools/bin/../lib/gcc/arm-none-eabi/12.3.1/thumb/v7e-m+fp/hard\libgcc.a(_aeabi_ldivmod.o)
                0x08000270                __aeabi_ldivmod
 .text          0x08000310       0x30 D:/Software/STM32CubeIDE_1.16.0/STM32CubeIDE/plugins/com.st.stm32cube.ide.mcu.externaltools.gnu-tools-for-stm32.12.3.rel1.win32_1.0.200.202406191623/tools/bin/../lib/gcc/arm-none-eabi/12.3.1/thumb/v7e-m+fp/hard\libgcc.a(_aeabi_uldivmod.o)
                0x08000310                __aeabi_uldivmod
 .text          0x08000340      0x2bc D:/Software/STM32CubeIDE_1.16.0/STM32CubeIDE/plugins/com.st.stm32cube.ide.mcu.externaltools.gnu-tools-for-stm32.12.3.rel1.win32_1.0.200.202406191623/tools/bin/../lib/gcc/arm-none-eabi/12.3.1/thumb/v7e-m+fp/hard\libgcc.a(_udivmoddi4.o)
                0x08000340                __udivmoddi4
 .text          0x080005fc        0x4 D:/Software/STM32CubeIDE_1.16.0/STM32CubeIDE/plugins/com.st.stm32cube.ide.mcu.externaltools.gnu-tools-for-stm32.12.3.rel1.win32_1.0.200.202406191623/tools/bin/../lib/gcc/arm-none-eabi/12.3.1/thumb/v7e-m+fp/hard\libgcc.a(_dvmd_tls.o)
                0x080005fc                __aeabi_idiv0
                0x080005fc                __aeabi_ldiv0
 *(.text*)
 .text.set_time
                0x08000600       0x64 ./Core/Src/Clock.o
                0x08000600                set_time
 .text.weekday_string
                0x08000664       0x50 ./Core/Src/Clock.o
                0x08000664                weekday_string
 .text.days_in_month
                0x080006b4       0xa0 ./Core/Src/Clock.o
                0x080006b4                days_in_month
 .text.is_last_sunday
                0x08000754       0x48 ./Core/Src/Clock.o
                0x08000754                is_last_sunday
 .text.HAL_TIM_PeriodElapsedCallback
                0x0800079c      0x31c ./Core/Src/Clock.o
                0x0800079c                HAL_TIM_PeriodElapsedCallback
 .text.Adjustment
                0x08000ab8       0xe0 ./Core/Src/Clock.o
                0x08000ab8                Adjustment
 .text.Calibration
                0x08000b98      0x1a0 ./Core/Src/Clock.o
                0x08000b98                Calibration
 .text.Plus     0x08000d38      0x1dc ./Core/Src/Clock.o
                0x08000d38                Plus
 .text.Minus    0x08000f14      0x1dc ./Core/Src/Clock.o
                0x08000f14                Minus
 .text.PPM_Init
                0x080010f0       0x80 ./Core/Src/Clock.o
                0x080010f0                PPM_Init
 .text.EEPROM_WriteInt32
                0x08001170       0x64 ./Core/Src/EEPROM.o
                0x08001170                EEPROM_WriteInt32
 .text.EEPROM_ReadInt32
                0x080011d4       0x4c ./Core/Src/EEPROM.o
                0x080011d4                EEPROM_ReadInt32
 .text.EEPROM_WriteUInt8
                0x08001220       0x68 ./Core/Src/EEPROM.o
                0x08001220                EEPROM_WriteUInt8
 .text.EEPROM_Init
                0x08001288       0xa0 ./Core/Src/EEPROM.o
                0x08001288                EEPROM_Init
 .text.LCD_Set_Cursor
                0x08001328       0x68 ./Core/Src/LCD_I2C.o
                0x08001328                LCD_Set_Cursor
 .text.LCD_Send_Command
                0x08001390       0x60 ./Core/Src/LCD_I2C.o
                0x08001390                LCD_Send_Command
 .text.LCD_Send_Data
                0x080013f0       0x60 ./Core/Src/LCD_I2C.o
                0x080013f0                LCD_Send_Data
 .text.LCD_Send_String
                0x08001450       0x2c ./Core/Src/LCD_I2C.o
                0x08001450                LCD_Send_String
 .text.Update_Time_OnScreen
                0x0800147c       0xa8 ./Core/Src/LCD_I2C.o
                0x0800147c                Update_Time_OnScreen
 .text.LCD_Init
                0x08001524       0x68 ./Core/Src/LCD_I2C.o
                0x08001524                LCD_Init
 .text.MX_CRC_Init
                0x0800158c       0x44 ./Core/Src/crc.o
                0x0800158c                MX_CRC_Init
 .text.HAL_CRC_MspInit
                0x080015d0       0x40 ./Core/Src/crc.o
                0x080015d0                HAL_CRC_MspInit
 .text.LL_CRC_ResetCRCCalculationUnit
                0x08001610       0x20 ./Core/Src/eeprom_emul.o
 .text.LL_CRC_SetPolynomialSize
                0x08001630       0x26 ./Core/Src/eeprom_emul.o
 .text.LL_CRC_SetPolynomialCoef
                0x08001656       0x1c ./Core/Src/eeprom_emul.o
 .text.LL_CRC_FeedData32
                0x08001672       0x1c ./Core/Src/eeprom_emul.o
 .text.LL_CRC_FeedData16
                0x0800168e       0x22 ./Core/Src/eeprom_emul.o
 .text.LL_CRC_ReadData16
                0x080016b0       0x1a ./Core/Src/eeprom_emul.o
 *fill*         0x080016ca        0x2 
 .text.LL_AHB1_GRP1_EnableClock
                0x080016cc       0x30 ./Core/Src/eeprom_emul.o
 .text.EE_Init  0x080016fc      0xeac ./Core/Src/eeprom_emul.o
                0x080016fc                EE_Init
 .text.EE_Format
                0x080025a8      0x1b8 ./Core/Src/eeprom_emul.o
                0x080025a8                EE_Format
 .text.EE_ReadVariable32bits
                0x08002760       0x4a ./Core/Src/eeprom_emul.o
                0x08002760                EE_ReadVariable32bits
 .text.EE_ReadVariable8bits
                0x080027aa       0x4c ./Core/Src/eeprom_emul.o
                0x080027aa                EE_ReadVariable8bits
 .text.EE_WriteVariable32bits
                0x080027f6       0x34 ./Core/Src/eeprom_emul.o
                0x080027f6                EE_WriteVariable32bits
 .text.EE_WriteVariable8bits
                0x0800282a       0x3a ./Core/Src/eeprom_emul.o
                0x0800282a                EE_WriteVariable8bits
 .text.EE_CleanUp
                0x08002864      0x1a0 ./Core/Src/eeprom_emul.o
                0x08002864                EE_CleanUp
 .text.ReadVariable
                0x08002a04      0x220 ./Core/Src/eeprom_emul.o
 .text.WriteVariable
                0x08002c24       0x3e ./Core/Src/eeprom_emul.o
 .text.VerifyPageFullyErased
                0x08002c62       0x4a ./Core/Src/eeprom_emul.o
 .text.FindPage
                0x08002cac      0x2c8 ./Core/Src/eeprom_emul.o
 .text.PagesTransfer
                0x08002f74      0x5b8 ./Core/Src/eeprom_emul.o
 .text.VerifyPagesFullWriteVariable
                0x0800352c      0x134 ./Core/Src/eeprom_emul.o
 .text.SetPageState
                0x08003660      0x224 ./Core/Src/eeprom_emul.o
 .text.GetPageState
                0x08003884       0xc4 ./Core/Src/eeprom_emul.o
 .text.ConfigureCrc
                0x08003948       0x28 ./Core/Src/eeprom_emul.o
                0x08003948                ConfigureCrc
 .text.CalculateCrc
                0x08003970       0x38 ./Core/Src/eeprom_emul.o
                0x08003970                CalculateCrc
 .text.FI_WriteDoubleWord
                0x080039a8       0x22 ./Core/Src/flash_interface.o
                0x080039a8                FI_WriteDoubleWord
 .text.FI_PageErase
                0x080039ca       0x4c ./Core/Src/flash_interface.o
                0x080039ca                FI_PageErase
 *fill*         0x08003a16        0x2 
 .text.FI_CacheFlush
                0x08003a18       0x44 ./Core/Src/flash_interface.o
                0x08003a18                FI_CacheFlush
 .text.FI_CheckBankConfig
                0x08003a5c       0x10 ./Core/Src/flash_interface.o
                0x08003a5c                FI_CheckBankConfig
 .text.MX_GPIO_Init
                0x08003a6c       0xf4 ./Core/Src/gpio.o
                0x08003a6c                MX_GPIO_Init
 .text.HAL_GPIO_EXTI_Callback
                0x08003b60       0x9c ./Core/Src/gpio.o
                0x08003b60                HAL_GPIO_EXTI_Callback
 .text.MX_I2C3_Init
                0x08003bfc       0x80 ./Core/Src/i2c.o
                0x08003bfc                MX_I2C3_Init
 .text.HAL_I2C_MspInit
                0x08003c7c       0xec ./Core/Src/i2c.o
                0x08003c7c                HAL_I2C_MspInit
 .text.main     0x08003d68       0x70 ./Core/Src/main.o
                0x08003d68                main
 .text.SystemClock_Config
                0x08003dd8       0xc4 ./Core/Src/main.o
                0x08003dd8                SystemClock_Config
 .text.Error_Handler
                0x08003e9c        0xc ./Core/Src/main.o
                0x08003e9c                Error_Handler
 .text.HAL_MspInit
                0x08003ea8       0x48 ./Core/Src/stm32l4xx_hal_msp.o
                0x08003ea8                HAL_MspInit
 .text.NMI_Handler
                0x08003ef0        0x8 ./Core/Src/stm32l4xx_it.o
                0x08003ef0                NMI_Handler
 .text.HardFault_Handler
                0x08003ef8        0x8 ./Core/Src/stm32l4xx_it.o
                0x08003ef8                HardFault_Handler
 .text.MemManage_Handler
                0x08003f00        0x8 ./Core/Src/stm32l4xx_it.o
                0x08003f00                MemManage_Handler
 .text.BusFault_Handler
                0x08003f08        0x8 ./Core/Src/stm32l4xx_it.o
                0x08003f08                BusFault_Handler
 .text.UsageFault_Handler
                0x08003f10        0x8 ./Core/Src/stm32l4xx_it.o
                0x08003f10                UsageFault_Handler
 .text.SVC_Handler
                0x08003f18        0xe ./Core/Src/stm32l4xx_it.o
                0x08003f18                SVC_Handler
 .text.DebugMon_Handler
                0x08003f26        0xe ./Core/Src/stm32l4xx_it.o
                0x08003f26                DebugMon_Handler
 .text.PendSV_Handler
                0x08003f34        0xe ./Core/Src/stm32l4xx_it.o
                0x08003f34                PendSV_Handler
 .text.SysTick_Handler
                0x08003f42        0xc ./Core/Src/stm32l4xx_it.o
                0x08003f42                SysTick_Handler
 .text.EXTI1_IRQHandler
                0x08003f4e        0xe ./Core/Src/stm32l4xx_it.o
                0x08003f4e                EXTI1_IRQHandler
 .text.EXTI3_IRQHandler
                0x08003f5c        0xe ./Core/Src/stm32l4xx_it.o
                0x08003f5c                EXTI3_IRQHandler
 .text.EXTI9_5_IRQHandler
                0x08003f6a       0x10 ./Core/Src/stm32l4xx_it.o
                0x08003f6a                EXTI9_5_IRQHandler
 *fill*         0x08003f7a        0x2 
 .text.TIM1_BRK_TIM15_IRQHandler
                0x08003f7c       0x1c ./Core/Src/stm32l4xx_it.o
                0x08003f7c                TIM1_BRK_TIM15_IRQHandler
 .text.TIM2_IRQHandler
                0x08003f98       0x14 ./Core/Src/stm32l4xx_it.o
                0x08003f98                TIM2_IRQHandler
 .text.EXTI15_10_IRQHandler
                0x08003fac       0x10 ./Core/Src/stm32l4xx_it.o
                0x08003fac                EXTI15_10_IRQHandler
 .text._sbrk    0x08003fbc       0x6c ./Core/Src/sysmem.o
                0x08003fbc                _sbrk
 .text.SystemInit
                0x08004028       0x24 ./Core/Src/system_stm32l4xx.o
                0x08004028                SystemInit
 .text.MX_TIM1_Init
                0x0800404c       0xa8 ./Core/Src/tim.o
                0x0800404c                MX_TIM1_Init
 .text.MX_TIM2_Init
                0x080040f4       0x9c ./Core/Src/tim.o
                0x080040f4                MX_TIM2_Init
 .text.MX_TIM15_Init
                0x08004190       0xa4 ./Core/Src/tim.o
                0x08004190                MX_TIM15_Init
 .text.HAL_TIM_Base_MspInit
                0x08004234       0xb8 ./Core/Src/tim.o
                0x08004234                HAL_TIM_Base_MspInit
 .text.MX_USART2_UART_Init
                0x080042ec       0x60 ./Core/Src/usart.o
                0x080042ec                MX_USART2_UART_Init
 .text.HAL_UART_MspInit
                0x0800434c       0xd4 ./Core/Src/usart.o
                0x0800434c                HAL_UART_MspInit
 .text.Reset_Handler
                0x08004420       0x50 ./Core/Startup/startup_stm32l432kcux.o
                0x08004420                Reset_Handler
 .text.Default_Handler
                0x08004470        0x2 ./Core/Startup/startup_stm32l432kcux.o
                0x08004470                RTC_Alarm_IRQHandler
                0x08004470                EXTI2_IRQHandler
                0x08004470                TIM1_CC_IRQHandler
                0x08004470                TSC_IRQHandler
                0x08004470                TAMP_STAMP_IRQHandler
                0x08004470                LPTIM2_IRQHandler
                0x08004470                I2C3_ER_IRQHandler
                0x08004470                EXTI0_IRQHandler
                0x08004470                CAN1_RX0_IRQHandler
                0x08004470                FPU_IRQHandler
                0x08004470                TIM1_UP_TIM16_IRQHandler
                0x08004470                SPI1_IRQHandler
                0x08004470                TIM6_DAC_IRQHandler
                0x08004470                DMA2_Channel2_IRQHandler
                0x08004470                DMA1_Channel4_IRQHandler
                0x08004470                ADC1_IRQHandler
                0x08004470                DMA1_Channel7_IRQHandler
                0x08004470                CAN1_RX1_IRQHandler
                0x08004470                DMA2_Channel1_IRQHandler
                0x08004470                QUADSPI_IRQHandler
                0x08004470                I2C1_EV_IRQHandler
                0x08004470                DMA1_Channel6_IRQHandler
                0x08004470                DMA2_Channel4_IRQHandler
                0x08004470                RCC_IRQHandler
                0x08004470                TIM1_TRG_COM_IRQHandler
                0x08004470                DMA1_Channel1_IRQHandler
                0x08004470                Default_Handler
                0x08004470                DMA2_Channel7_IRQHandler
                0x08004470                TIM7_IRQHandler
                0x08004470                I2C3_EV_IRQHandler
                0x08004470                USB_IRQHandler
                0x08004470                RTC_WKUP_IRQHandler
                0x08004470                PVD_PVM_IRQHandler
                0x08004470                CAN1_TX_IRQHandler
                0x08004470                DMA2_Channel5_IRQHandler
                0x08004470                CRS_IRQHandler
                0x08004470                DMA1_Channel5_IRQHandler
                0x08004470                EXTI4_IRQHandler
                0x08004470                RNG_IRQHandler
                0x08004470                DMA1_Channel3_IRQHandler
                0x08004470                COMP_IRQHandler
                0x08004470                WWDG_IRQHandler
                0x08004470                LPUART1_IRQHandler
                0x08004470                DMA2_Channel6_IRQHandler
                0x08004470                USART2_IRQHandler
                0x08004470                DMA1_Channel2_IRQHandler
                0x08004470                CAN1_SCE_IRQHandler
                0x08004470                FLASH_IRQHandler
                0x08004470                USART1_IRQHandler
                0x08004470                SPI3_IRQHandler
                0x08004470                I2C1_ER_IRQHandler
                0x08004470                SWPMI1_IRQHandler
                0x08004470                LPTIM1_IRQHandler
                0x08004470                SAI1_IRQHandler
                0x08004470                DMA2_Channel3_IRQHandler
 .text.HAL_Init
                0x08004472       0x30 ./Drivers/STM32L4xx_HAL_Driver/Src/stm32l4xx_hal.o
                0x08004472                HAL_Init
 *fill*         0x080044a2        0x2 
 .text.HAL_InitTick
                0x080044a4       0x78 ./Drivers/STM32L4xx_HAL_Driver/Src/stm32l4xx_hal.o
                0x080044a4                HAL_InitTick
 .text.HAL_IncTick
                0x0800451c       0x28 ./Drivers/STM32L4xx_HAL_Driver/Src/stm32l4xx_hal.o
                0x0800451c                HAL_IncTick
 .text.HAL_GetTick
                0x08004544       0x18 ./Drivers/STM32L4xx_HAL_Driver/Src/stm32l4xx_hal.o
                0x08004544                HAL_GetTick
 .text.HAL_Delay
                0x0800455c       0x48 ./Drivers/STM32L4xx_HAL_Driver/Src/stm32l4xx_hal.o
                0x0800455c                HAL_Delay
 .text.__NVIC_SetPriorityGrouping
                0x080045a4       0x48 ./Drivers/STM32L4xx_HAL_Driver/Src/stm32l4xx_hal_cortex.o
 .text.__NVIC_GetPriorityGrouping
                0x080045ec       0x1c ./Drivers/STM32L4xx_HAL_Driver/Src/stm32l4xx_hal_cortex.o
 .text.__NVIC_EnableIRQ
                0x08004608       0x3c ./Drivers/STM32L4xx_HAL_Driver/Src/stm32l4xx_hal_cortex.o
 .text.__NVIC_SetPriority
                0x08004644       0x54 ./Drivers/STM32L4xx_HAL_Driver/Src/stm32l4xx_hal_cortex.o
 .text.NVIC_EncodePriority
                0x08004698       0x66 ./Drivers/STM32L4xx_HAL_Driver/Src/stm32l4xx_hal_cortex.o
 *fill*         0x080046fe        0x2 
 .text.SysTick_Config
                0x08004700       0x44 ./Drivers/STM32L4xx_HAL_Driver/Src/stm32l4xx_hal_cortex.o
 .text.HAL_NVIC_SetPriorityGrouping
                0x08004744       0x16 ./Drivers/STM32L4xx_HAL_Driver/Src/stm32l4xx_hal_cortex.o
                0x08004744                HAL_NVIC_SetPriorityGrouping
 .text.HAL_NVIC_SetPriority
                0x0800475a       0x38 ./Drivers/STM32L4xx_HAL_Driver/Src/stm32l4xx_hal_cortex.o
                0x0800475a                HAL_NVIC_SetPriority
 .text.HAL_NVIC_EnableIRQ
                0x08004792       0x1c ./Drivers/STM32L4xx_HAL_Driver/Src/stm32l4xx_hal_cortex.o
                0x08004792                HAL_NVIC_EnableIRQ
 .text.HAL_SYSTICK_Config
                0x080047ae       0x18 ./Drivers/STM32L4xx_HAL_Driver/Src/stm32l4xx_hal_cortex.o
                0x080047ae                HAL_SYSTICK_Config
 *fill*         0x080047c6        0x2 
 .text.HAL_CRC_Init
                0x080047c8       0xc8 ./Drivers/STM32L4xx_HAL_Driver/Src/stm32l4xx_hal_crc.o
                0x080047c8                HAL_CRC_Init
 .text.HAL_CRCEx_Polynomial_Set
                0x08004890      0x11c ./Drivers/STM32L4xx_HAL_Driver/Src/stm32l4xx_hal_crc_ex.o
                0x08004890                HAL_CRCEx_Polynomial_Set
 .text.HAL_FLASH_Program
                0x080049ac       0xd8 ./Drivers/STM32L4xx_HAL_Driver/Src/stm32l4xx_hal_flash.o
                0x080049ac                HAL_FLASH_Program
 .text.HAL_FLASH_Unlock
                0x08004a84       0x44 ./Drivers/STM32L4xx_HAL_Driver/Src/stm32l4xx_hal_flash.o
                0x08004a84                HAL_FLASH_Unlock
 .text.FLASH_WaitForLastOperation
                0x08004ac8       0xac ./Drivers/STM32L4xx_HAL_Driver/Src/stm32l4xx_hal_flash.o
                0x08004ac8                FLASH_WaitForLastOperation
 .text.FLASH_Program_DoubleWord
                0x08004b74       0x4c ./Drivers/STM32L4xx_HAL_Driver/Src/stm32l4xx_hal_flash.o
 .text.FLASH_Program_Fast
                0x08004bc0       0x6c ./Drivers/STM32L4xx_HAL_Driver/Src/stm32l4xx_hal_flash.o
 .text.HAL_FLASHEx_Erase
                0x08004c2c      0x134 ./Drivers/STM32L4xx_HAL_Driver/Src/stm32l4xx_hal_flash_ex.o
                0x08004c2c                HAL_FLASHEx_Erase
 .text.FLASH_MassErase
                0x08004d60       0x3c ./Drivers/STM32L4xx_HAL_Driver/Src/stm32l4xx_hal_flash_ex.o
 .text.FLASH_PageErase
                0x08004d9c       0x48 ./Drivers/STM32L4xx_HAL_Driver/Src/stm32l4xx_hal_flash_ex.o
                0x08004d9c                FLASH_PageErase
 .text.FLASH_FlushCaches
                0x08004de4       0x94 ./Drivers/STM32L4xx_HAL_Driver/Src/stm32l4xx_hal_flash_ex.o
                0x08004de4                FLASH_FlushCaches
 .text.HAL_GPIO_Init
                0x08004e78      0x2d4 ./Drivers/STM32L4xx_HAL_Driver/Src/stm32l4xx_hal_gpio.o
                0x08004e78                HAL_GPIO_Init
 .text.HAL_GPIO_WritePin
                0x0800514c       0x30 ./Drivers/STM32L4xx_HAL_Driver/Src/stm32l4xx_hal_gpio.o
                0x0800514c                HAL_GPIO_WritePin
 .text.HAL_GPIO_TogglePin
                0x0800517c       0x34 ./Drivers/STM32L4xx_HAL_Driver/Src/stm32l4xx_hal_gpio.o
                0x0800517c                HAL_GPIO_TogglePin
 .text.HAL_GPIO_EXTI_IRQHandler
                0x080051b0       0x30 ./Drivers/STM32L4xx_HAL_Driver/Src/stm32l4xx_hal_gpio.o
                0x080051b0                HAL_GPIO_EXTI_IRQHandler
 .text.HAL_I2C_Init
                0x080051e0      0x136 ./Drivers/STM32L4xx_HAL_Driver/Src/stm32l4xx_hal_i2c.o
                0x080051e0                HAL_I2C_Init
 *fill*         0x08005316        0x2 
 .text.HAL_I2C_Master_Transmit
                0x08005318      0x230 ./Drivers/STM32L4xx_HAL_Driver/Src/stm32l4xx_hal_i2c.o
                0x08005318                HAL_I2C_Master_Transmit
 .text.I2C_Flush_TXDR
                0x08005548       0x48 ./Drivers/STM32L4xx_HAL_Driver/Src/stm32l4xx_hal_i2c.o
 .text.I2C_WaitOnFlagUntilTimeout
                0x08005590       0xb2 ./Drivers/STM32L4xx_HAL_Driver/Src/stm32l4xx_hal_i2c.o
 .text.I2C_WaitOnTXISFlagUntilTimeout
                0x08005642       0x8e ./Drivers/STM32L4xx_HAL_Driver/Src/stm32l4xx_hal_i2c.o
 .text.I2C_WaitOnSTOPFlagUntilTimeout
                0x080056d0       0x86 ./Drivers/STM32L4xx_HAL_Driver/Src/stm32l4xx_hal_i2c.o
 *fill*         0x08005756        0x2 
 .text.I2C_IsErrorOccurred
                0x08005758      0x1c0 ./Drivers/STM32L4xx_HAL_Driver/Src/stm32l4xx_hal_i2c.o
 .text.I2C_TransferConfig
                0x08005918       0x64 ./Drivers/STM32L4xx_HAL_Driver/Src/stm32l4xx_hal_i2c.o
 .text.HAL_I2CEx_ConfigAnalogFilter
                0x0800597c       0x96 ./Drivers/STM32L4xx_HAL_Driver/Src/stm32l4xx_hal_i2c_ex.o
                0x0800597c                HAL_I2CEx_ConfigAnalogFilter
 .text.HAL_I2CEx_ConfigDigitalFilter
                0x08005a12       0x98 ./Drivers/STM32L4xx_HAL_Driver/Src/stm32l4xx_hal_i2c_ex.o
                0x08005a12                HAL_I2CEx_ConfigDigitalFilter
 *fill*         0x08005aaa        0x2 
 .text.HAL_PWR_EnableBkUpAccess
                0x08005aac       0x20 ./Drivers/STM32L4xx_HAL_Driver/Src/stm32l4xx_hal_pwr.o
                0x08005aac                HAL_PWR_EnableBkUpAccess
 .text.HAL_PWREx_GetVoltageRange
                0x08005acc       0x1c ./Drivers/STM32L4xx_HAL_Driver/Src/stm32l4xx_hal_pwr_ex.o
                0x08005acc                HAL_PWREx_GetVoltageRange
 .text.HAL_PWREx_ControlVoltageScaling
                0x08005ae8       0xac ./Drivers/STM32L4xx_HAL_Driver/Src/stm32l4xx_hal_pwr_ex.o
                0x08005ae8                HAL_PWREx_ControlVoltageScaling
 .text.HAL_RCC_OscConfig
                0x08005b94      0x828 ./Drivers/STM32L4xx_HAL_Driver/Src/stm32l4xx_hal_rcc.o
                0x08005b94                HAL_RCC_OscConfig
 .text.HAL_RCC_ClockConfig
                0x080063bc      0x200 ./Drivers/STM32L4xx_HAL_Driver/Src/stm32l4xx_hal_rcc.o
                0x080063bc                HAL_RCC_ClockConfig
 .text.HAL_RCC_GetSysClockFreq
                0x080065bc      0x118 ./Drivers/STM32L4xx_HAL_Driver/Src/stm32l4xx_hal_rcc.o
                0x080065bc                HAL_RCC_GetSysClockFreq
 .text.HAL_RCC_GetHCLKFreq
                0x080066d4       0x18 ./Drivers/STM32L4xx_HAL_Driver/Src/stm32l4xx_hal_rcc.o
                0x080066d4                HAL_RCC_GetHCLKFreq
 .text.HAL_RCC_GetPCLK1Freq
                0x080066ec       0x2c ./Drivers/STM32L4xx_HAL_Driver/Src/stm32l4xx_hal_rcc.o
                0x080066ec                HAL_RCC_GetPCLK1Freq
 .text.HAL_RCC_GetPCLK2Freq
                0x08006718       0x2c ./Drivers/STM32L4xx_HAL_Driver/Src/stm32l4xx_hal_rcc.o
                0x08006718                HAL_RCC_GetPCLK2Freq
 .text.RCC_SetFlashLatencyFromMSIRange
                0x08006744       0xc0 ./Drivers/STM32L4xx_HAL_Driver/Src/stm32l4xx_hal_rcc.o
 .text.HAL_RCCEx_PeriphCLKConfig
                0x08006804      0x3ec ./Drivers/STM32L4xx_HAL_Driver/Src/stm32l4xx_hal_rcc_ex.o
                0x08006804                HAL_RCCEx_PeriphCLKConfig
 .text.HAL_RCCEx_EnableMSIPLLMode
                0x08006bf0       0x20 ./Drivers/STM32L4xx_HAL_Driver/Src/stm32l4xx_hal_rcc_ex.o
                0x08006bf0                HAL_RCCEx_EnableMSIPLLMode
 .text.RCCEx_PLLSAI1_Config
                0x08006c10      0x1e4 ./Drivers/STM32L4xx_HAL_Driver/Src/stm32l4xx_hal_rcc_ex.o
 .text.HAL_TIM_Base_Init
                0x08006df4       0xae ./Drivers/STM32L4xx_HAL_Driver/Src/stm32l4xx_hal_tim.o
                0x08006df4                HAL_TIM_Base_Init
 *fill*         0x08006ea2        0x2 
 .text.HAL_TIM_Base_Start_IT
                0x08006ea4       0xa8 ./Drivers/STM32L4xx_HAL_Driver/Src/stm32l4xx_hal_tim.o
                0x08006ea4                HAL_TIM_Base_Start_IT
 .text.HAL_TIM_Base_Stop_IT
                0x08006f4c       0x5e ./Drivers/STM32L4xx_HAL_Driver/Src/stm32l4xx_hal_tim.o
                0x08006f4c                HAL_TIM_Base_Stop_IT
 .text.HAL_TIM_IRQHandler
                0x08006faa      0x20e ./Drivers/STM32L4xx_HAL_Driver/Src/stm32l4xx_hal_tim.o
                0x08006faa                HAL_TIM_IRQHandler
 .text.HAL_TIM_ConfigClockSource
                0x080071b8      0x192 ./Drivers/STM32L4xx_HAL_Driver/Src/stm32l4xx_hal_tim.o
                0x080071b8                HAL_TIM_ConfigClockSource
 .text.HAL_TIM_OC_DelayElapsedCallback
                0x0800734a       0x14 ./Drivers/STM32L4xx_HAL_Driver/Src/stm32l4xx_hal_tim.o
                0x0800734a                HAL_TIM_OC_DelayElapsedCallback
 .text.HAL_TIM_IC_CaptureCallback
                0x0800735e       0x14 ./Drivers/STM32L4xx_HAL_Driver/Src/stm32l4xx_hal_tim.o
                0x0800735e                HAL_TIM_IC_CaptureCallback
 .text.HAL_TIM_PWM_PulseFinishedCallback
                0x08007372       0x14 ./Drivers/STM32L4xx_HAL_Driver/Src/stm32l4xx_hal_tim.o
                0x08007372                HAL_TIM_PWM_PulseFinishedCallback
 .text.HAL_TIM_TriggerCallback
                0x08007386       0x14 ./Drivers/STM32L4xx_HAL_Driver/Src/stm32l4xx_hal_tim.o
                0x08007386                HAL_TIM_TriggerCallback
 *fill*         0x0800739a        0x2 
 .text.TIM_Base_SetConfig
                0x0800739c       0xe0 ./Drivers/STM32L4xx_HAL_Driver/Src/stm32l4xx_hal_tim.o
                0x0800739c                TIM_Base_SetConfig
 .text.TIM_TI1_ConfigInputStage
                0x0800747c       0x5e ./Drivers/STM32L4xx_HAL_Driver/Src/stm32l4xx_hal_tim.o
 .text.TIM_TI2_ConfigInputStage
                0x080074da       0x60 ./Drivers/STM32L4xx_HAL_Driver/Src/stm32l4xx_hal_tim.o
 .text.TIM_ITRx_SetConfig
                0x0800753a       0x36 ./Drivers/STM32L4xx_HAL_Driver/Src/stm32l4xx_hal_tim.o
 .text.TIM_ETR_SetConfig
                0x08007570       0x40 ./Drivers/STM32L4xx_HAL_Driver/Src/stm32l4xx_hal_tim.o
                0x08007570                TIM_ETR_SetConfig
 .text.HAL_TIMEx_MasterConfigSynchronization
                0x080075b0       0xcc ./Drivers/STM32L4xx_HAL_Driver/Src/stm32l4xx_hal_tim_ex.o
                0x080075b0                HAL_TIMEx_MasterConfigSynchronization
 .text.HAL_TIMEx_CommutCallback
                0x0800767c       0x14 ./Drivers/STM32L4xx_HAL_Driver/Src/stm32l4xx_hal_tim_ex.o
                0x0800767c                HAL_TIMEx_CommutCallback
 .text.HAL_TIMEx_BreakCallback
                0x08007690       0x14 ./Drivers/STM32L4xx_HAL_Driver/Src/stm32l4xx_hal_tim_ex.o
                0x08007690                HAL_TIMEx_BreakCallback
 .text.HAL_TIMEx_Break2Callback
                0x080076a4       0x14 ./Drivers/STM32L4xx_HAL_Driver/Src/stm32l4xx_hal_tim_ex.o
                0x080076a4                HAL_TIMEx_Break2Callback
 .text.HAL_UART_Init
                0x080076b8       0x9c ./Drivers/STM32L4xx_HAL_Driver/Src/stm32l4xx_hal_uart.o
                0x080076b8                HAL_UART_Init
 .text.UART_SetConfig
                0x08007754      0x458 ./Drivers/STM32L4xx_HAL_Driver/Src/stm32l4xx_hal_uart.o
                0x08007754                UART_SetConfig
 .text.UART_AdvFeatureConfig
                0x08007bac      0x144 ./Drivers/STM32L4xx_HAL_Driver/Src/stm32l4xx_hal_uart.o
                0x08007bac                UART_AdvFeatureConfig
 .text.UART_CheckIdleState
                0x08007cf0      0x150 ./Drivers/STM32L4xx_HAL_Driver/Src/stm32l4xx_hal_uart.o
                0x08007cf0                UART_CheckIdleState
 .text.UART_WaitOnFlagUntilTimeout
                0x08007e40       0xda ./Drivers/STM32L4xx_HAL_Driver/Src/stm32l4xx_hal_uart.o
                0x08007e40                UART_WaitOnFlagUntilTimeout
 .text.UART_EndRxTransfer
                0x08007f1a       0xc8 ./Drivers/STM32L4xx_HAL_Driver/Src/stm32l4xx_hal_uart.o
 *fill*         0x08007fe2        0x2 
 .text.snprintf
                0x08007fe4       0x68 D:/Software/STM32CubeIDE_1.16.0/STM32CubeIDE/plugins/com.st.stm32cube.ide.mcu.externaltools.gnu-tools-for-stm32.12.3.rel1.win32_1.0.200.202406191623/tools/bin/../lib/gcc/arm-none-eabi/12.3.1/../../../../arm-none-eabi/lib/thumb/v7e-m+fp/hard\libc_nano.a(libc_a-snprintf.o)
                0x08007fe4                sniprintf
                0x08007fe4                snprintf
 .text.memset   0x0800804c       0x10 D:/Software/STM32CubeIDE_1.16.0/STM32CubeIDE/plugins/com.st.stm32cube.ide.mcu.externaltools.gnu-tools-for-stm32.12.3.rel1.win32_1.0.200.202406191623/tools/bin/../lib/gcc/arm-none-eabi/12.3.1/../../../../arm-none-eabi/lib/thumb/v7e-m+fp/hard\libc_nano.a(libc_a-memset.o)
                0x0800804c                memset
 .text.__errno  0x0800805c        0xc D:/Software/STM32CubeIDE_1.16.0/STM32CubeIDE/plugins/com.st.stm32cube.ide.mcu.externaltools.gnu-tools-for-stm32.12.3.rel1.win32_1.0.200.202406191623/tools/bin/../lib/gcc/arm-none-eabi/12.3.1/../../../../arm-none-eabi/lib/thumb/v7e-m+fp/hard\libc_nano.a(libc_a-errno.o)
                0x0800805c                __errno
 .text.__libc_init_array
                0x08008068       0x48 D:/Software/STM32CubeIDE_1.16.0/STM32CubeIDE/plugins/com.st.stm32cube.ide.mcu.externaltools.gnu-tools-for-stm32.12.3.rel1.win32_1.0.200.202406191623/tools/bin/../lib/gcc/arm-none-eabi/12.3.1/../../../../arm-none-eabi/lib/thumb/v7e-m+fp/hard\libc_nano.a(libc_a-init.o)
                0x08008068                __libc_init_array
 .text.__retarget_lock_acquire_recursive
                0x080080b0        0x2 D:/Software/STM32CubeIDE_1.16.0/STM32CubeIDE/plugins/com.st.stm32cube.ide.mcu.externaltools.gnu-tools-for-stm32.12.3.rel1.win32_1.0.200.202406191623/tools/bin/../lib/gcc/arm-none-eabi/12.3.1/../../../../arm-none-eabi/lib/thumb/v7e-m+fp/hard\libc_nano.a(libc_a-lock.o)
                0x080080b0                __retarget_lock_acquire_recursive
 .text.__retarget_lock_release_recursive
                0x080080b2        0x2 D:/Software/STM32CubeIDE_1.16.0/STM32CubeIDE/plugins/com.st.stm32cube.ide.mcu.externaltools.gnu-tools-for-stm32.12.3.rel1.win32_1.0.200.202406191623/tools/bin/../lib/gcc/arm-none-eabi/12.3.1/../../../../arm-none-eabi/lib/thumb/v7e-m+fp/hard\libc_nano.a(libc_a-lock.o)
                0x080080b2                __retarget_lock_release_recursive
 .text._free_r  0x080080b4       0x94 D:/Software/STM32CubeIDE_1.16.0/STM32CubeIDE/plugins/com.st.stm32cube.ide.mcu.externaltools.gnu-tools-for-stm32.12.3.rel1.win32_1.0.200.202406191623/tools/bin/../lib/gcc/arm-none-eabi/12.3.1/../../../../arm-none-eabi/lib/thumb/v7e-m+fp/hard\libc_nano.a(libc_a-freer.o)
                0x080080b4                _free_r
 .text.sbrk_aligned
                0x08008148       0x44 D:/Software/STM32CubeIDE_1.16.0/STM32CubeIDE/plugins/com.st.stm32cube.ide.mcu.externaltools.gnu-tools-for-stm32.12.3.rel1.win32_1.0.200.202406191623/tools/bin/../lib/gcc/arm-none-eabi/12.3.1/../../../../arm-none-eabi/lib/thumb/v7e-m+fp/hard\libc_nano.a(libc_a-mallocr.o)
 .text._malloc_r
                0x0800818c      0x100 D:/Software/STM32CubeIDE_1.16.0/STM32CubeIDE/plugins/com.st.stm32cube.ide.mcu.externaltools.gnu-tools-for-stm32.12.3.rel1.win32_1.0.200.202406191623/tools/bin/../lib/gcc/arm-none-eabi/12.3.1/../../../../arm-none-eabi/lib/thumb/v7e-m+fp/hard\libc_nano.a(libc_a-mallocr.o)
                0x0800818c                _malloc_r
 .text.__malloc_lock
                0x0800828c        0xc D:/Software/STM32CubeIDE_1.16.0/STM32CubeIDE/plugins/com.st.stm32cube.ide.mcu.externaltools.gnu-tools-for-stm32.12.3.rel1.win32_1.0.200.202406191623/tools/bin/../lib/gcc/arm-none-eabi/12.3.1/../../../../arm-none-eabi/lib/thumb/v7e-m+fp/hard\libc_nano.a(libc_a-mlock.o)
                0x0800828c                __malloc_lock
 .text.__malloc_unlock
                0x08008298        0xc D:/Software/STM32CubeIDE_1.16.0/STM32CubeIDE/plugins/com.st.stm32cube.ide.mcu.externaltools.gnu-tools-for-stm32.12.3.rel1.win32_1.0.200.202406191623/tools/bin/../lib/gcc/arm-none-eabi/12.3.1/../../../../arm-none-eabi/lib/thumb/v7e-m+fp/hard\libc_nano.a(libc_a-mlock.o)
                0x08008298                __malloc_unlock
 .text.__ssputs_r
                0x080082a4       0xb6 D:/Software/STM32CubeIDE_1.16.0/STM32CubeIDE/plugins/com.st.stm32cube.ide.mcu.externaltools.gnu-tools-for-stm32.12.3.rel1.win32_1.0.200.202406191623/tools/bin/../lib/gcc/arm-none-eabi/12.3.1/../../../../arm-none-eabi/lib/thumb/v7e-m+fp/hard\libc_nano.a(libc_a-nano-svfprintf.o)
                0x080082a4                __ssputs_r
 *fill*         0x0800835a        0x2 
 .text._svfprintf_r
                0x0800835c      0x1f8 D:/Software/STM32CubeIDE_1.16.0/STM32CubeIDE/plugins/com.st.stm32cube.ide.mcu.externaltools.gnu-tools-for-stm32.12.3.rel1.win32_1.0.200.202406191623/tools/bin/../lib/gcc/arm-none-eabi/12.3.1/../../../../arm-none-eabi/lib/thumb/v7e-m+fp/hard\libc_nano.a(libc_a-nano-svfprintf.o)
                0x0800835c                _svfiprintf_r
                0x0800835c                _svfprintf_r
 .text._printf_common
                0x08008554       0xda D:/Software/STM32CubeIDE_1.16.0/STM32CubeIDE/plugins/com.st.stm32cube.ide.mcu.externaltools.gnu-tools-for-stm32.12.3.rel1.win32_1.0.200.202406191623/tools/bin/../lib/gcc/arm-none-eabi/12.3.1/../../../../arm-none-eabi/lib/thumb/v7e-m+fp/hard\libc_nano.a(libc_a-nano-vfprintf_i.o)
                0x08008554                _printf_common
 *fill*         0x0800862e        0x2 
 .text._printf_i
                0x08008630      0x240 D:/Software/STM32CubeIDE_1.16.0/STM32CubeIDE/plugins/com.st.stm32cube.ide.mcu.externaltools.gnu-tools-for-stm32.12.3.rel1.win32_1.0.200.202406191623/tools/bin/../lib/gcc/arm-none-eabi/12.3.1/../../../../arm-none-eabi/lib/thumb/v7e-m+fp/hard\libc_nano.a(libc_a-nano-vfprintf_i.o)
                0x08008630                _printf_i
 .text.memmove  0x08008870       0x34 D:/Software/STM32CubeIDE_1.16.0/STM32CubeIDE/plugins/com.st.stm32cube.ide.mcu.externaltools.gnu-tools-for-stm32.12.3.rel1.win32_1.0.200.202406191623/tools/bin/../lib/gcc/arm-none-eabi/12.3.1/../../../../arm-none-eabi/lib/thumb/v7e-m+fp/hard\libc_nano.a(libc_a-memmove.o)
                0x08008870                memmove
 .text._sbrk_r  0x080088a4       0x20 D:/Software/STM32CubeIDE_1.16.0/STM32CubeIDE/plugins/com.st.stm32cube.ide.mcu.externaltools.gnu-tools-for-stm32.12.3.rel1.win32_1.0.200.202406191623/tools/bin/../lib/gcc/arm-none-eabi/12.3.1/../../../../arm-none-eabi/lib/thumb/v7e-m+fp/hard\libc_nano.a(libc_a-sbrkr.o)
                0x080088a4                _sbrk_r
 .text.memcpy   0x080088c4       0x1c D:/Software/STM32CubeIDE_1.16.0/STM32CubeIDE/plugins/com.st.stm32cube.ide.mcu.externaltools.gnu-tools-for-stm32.12.3.rel1.win32_1.0.200.202406191623/tools/bin/../lib/gcc/arm-none-eabi/12.3.1/../../../../arm-none-eabi/lib/thumb/v7e-m+fp/hard\libc_nano.a(libc_a-memcpy-stub.o)
                0x080088c4                memcpy
 .text._realloc_r
                0x080088e0       0x5c D:/Software/STM32CubeIDE_1.16.0/STM32CubeIDE/plugins/com.st.stm32cube.ide.mcu.externaltools.gnu-tools-for-stm32.12.3.rel1.win32_1.0.200.202406191623/tools/bin/../lib/gcc/arm-none-eabi/12.3.1/../../../../arm-none-eabi/lib/thumb/v7e-m+fp/hard\libc_nano.a(libc_a-reallocr.o)
                0x080088e0                _realloc_r
 .text._malloc_usable_size_r
                0x0800893c       0x10 D:/Software/STM32CubeIDE_1.16.0/STM32CubeIDE/plugins/com.st.stm32cube.ide.mcu.externaltools.gnu-tools-for-stm32.12.3.rel1.win32_1.0.200.202406191623/tools/bin/../lib/gcc/arm-none-eabi/12.3.1/../../../../arm-none-eabi/lib/thumb/v7e-m+fp/hard\libc_nano.a(libc_a-msizer.o)
                0x0800893c                _malloc_usable_size_r
 *(.glue_7)
 .glue_7        0x0800894c        0x0 linker stubs
 *(.glue_7t)
 .glue_7t       0x0800894c        0x0 linker stubs
 *(.eh_frame)
 .eh_frame      0x0800894c        0x0 D:/Software/STM32CubeIDE_1.16.0/STM32CubeIDE/plugins/com.st.stm32cube.ide.mcu.externaltools.gnu-tools-for-stm32.12.3.rel1.win32_1.0.200.202406191623/tools/bin/../lib/gcc/arm-none-eabi/12.3.1/thumb/v7e-m+fp/hard/crtbegin.o
 *(.init)
 .init          0x0800894c        0x4 D:/Software/STM32CubeIDE_1.16.0/STM32CubeIDE/plugins/com.st.stm32cube.ide.mcu.externaltools.gnu-tools-for-stm32.12.3.rel1.win32_1.0.200.202406191623/tools/bin/../lib/gcc/arm-none-eabi/12.3.1/thumb/v7e-m+fp/hard/crti.o
                0x0800894c                _init
 .init          0x08008950        0x8 D:/Software/STM32CubeIDE_1.16.0/STM32CubeIDE/plugins/com.st.stm32cube.ide.mcu.externaltools.gnu-tools-for-stm32.12.3.rel1.win32_1.0.200.202406191623/tools/bin/../lib/gcc/arm-none-eabi/12.3.1/thumb/v7e-m+fp/hard/crtn.o
 *(.fini)
 .fini          0x08008958        0x4 D:/Software/STM32CubeIDE_1.16.0/STM32CubeIDE/plugins/com.st.stm32cube.ide.mcu.externaltools.gnu-tools-for-stm32.12.3.rel1.win32_1.0.200.202406191623/tools/bin/../lib/gcc/arm-none-eabi/12.3.1/thumb/v7e-m+fp/hard/crti.o
                0x08008958                _fini
 .fini          0x0800895c        0x8 D:/Software/STM32CubeIDE_1.16.0/STM32CubeIDE/plugins/com.st.stm32cube.ide.mcu.externaltools.gnu-tools-for-stm32.12.3.rel1.win32_1.0.200.202406191623/tools/bin/../lib/gcc/arm-none-eabi/12.3.1/thumb/v7e-m+fp/hard/crtn.o
                0x08008964                        . = ALIGN (0x4)
                0x08008964                        _etext = .

.vfp11_veneer   0x08008964        0x0
 .vfp11_veneer  0x08008964        0x0 linker stubs

.v4_bx          0x08008964        0x0
 .v4_bx         0x08008964        0x0 linker stubs

.iplt           0x08008964        0x0
 .iplt          0x08008964        0x0 D:/Software/STM32CubeIDE_1.16.0/STM32CubeIDE/plugins/com.st.stm32cube.ide.mcu.externaltools.gnu-tools-for-stm32.12.3.rel1.win32_1.0.200.202406191623/tools/bin/../lib/gcc/arm-none-eabi/12.3.1/thumb/v7e-m+fp/hard/crtbegin.o

.rodata         0x08008964      0x194
                0x08008964                        . = ALIGN (0x4)
 *(.rodata)
 .rodata        0x08008964       0x92 ./Core/Src/Clock.o
 *fill*         0x080089f6        0x2 
 .rodata        0x080089f8       0x4a ./Core/Src/EEPROM.o
 *fill*         0x08008a42        0x2 
 .rodata        0x08008a44       0x37 ./Core/Src/LCD_I2C.o
 *(.rodata*)
 *fill*         0x08008a7b        0x1 
 .rodata.AHBPrescTable
                0x08008a7c       0x10 ./Core/Src/system_stm32l4xx.o
                0x08008a7c                AHBPrescTable
 .rodata.APBPrescTable
                0x08008a8c        0x8 ./Core/Src/system_stm32l4xx.o
                0x08008a8c                APBPrescTable
 .rodata.MSIRangeTable
                0x08008a94       0x30 ./Core/Src/system_stm32l4xx.o
                0x08008a94                MSIRangeTable
 .rodata._svfprintf_r.str1.1
                0x08008ac4       0x11 D:/Software/STM32CubeIDE_1.16.0/STM32CubeIDE/plugins/com.st.stm32cube.ide.mcu.externaltools.gnu-tools-for-stm32.12.3.rel1.win32_1.0.200.202406191623/tools/bin/../lib/gcc/arm-none-eabi/12.3.1/../../../../arm-none-eabi/lib/thumb/v7e-m+fp/hard\libc_nano.a(libc_a-nano-svfprintf.o)
 .rodata._printf_i.str1.1
                0x08008ad5       0x22 D:/Software/STM32CubeIDE_1.16.0/STM32CubeIDE/plugins/com.st.stm32cube.ide.mcu.externaltools.gnu-tools-for-stm32.12.3.rel1.win32_1.0.200.202406191623/tools/bin/../lib/gcc/arm-none-eabi/12.3.1/../../../../arm-none-eabi/lib/thumb/v7e-m+fp/hard\libc_nano.a(libc_a-nano-vfprintf_i.o)
                0x08008af8                        . = ALIGN (0x4)
 *fill*         0x08008af7        0x1 

.ARM.extab      0x08008af8        0x0
                0x08008af8                        . = ALIGN (0x4)
 *(.ARM.extab* .gnu.linkonce.armextab.*)
                0x08008af8                        . = ALIGN (0x4)

.ARM            0x08008af8        0x8
                0x08008af8                        . = ALIGN (0x4)
                0x08008af8                        __exidx_start = .
 *(.ARM.exidx*)
 .ARM.exidx     0x08008af8        0x8 D:/Software/STM32CubeIDE_1.16.0/STM32CubeIDE/plugins/com.st.stm32cube.ide.mcu.externaltools.gnu-tools-for-stm32.12.3.rel1.win32_1.0.200.202406191623/tools/bin/../lib/gcc/arm-none-eabi/12.3.1/../../../../arm-none-eabi/lib/thumb/v7e-m+fp/hard\libc_nano.a(libc_a-memchr.o)
 .ARM.exidx     0x08008b00        0x0 D:/Software/STM32CubeIDE_1.16.0/STM32CubeIDE/plugins/com.st.stm32cube.ide.mcu.externaltools.gnu-tools-for-stm32.12.3.rel1.win32_1.0.200.202406191623/tools/bin/../lib/gcc/arm-none-eabi/12.3.1/thumb/v7e-m+fp/hard\libgcc.a(_udivmoddi4.o)
                                  0x8 (size before relaxing)
                0x08008b00                        __exidx_end = .
                0x08008b00                        . = ALIGN (0x4)

.preinit_array  0x08008b00        0x0
                0x08008b00                        . = ALIGN (0x4)
                0x08008b00                        PROVIDE (__preinit_array_start = .)
 *(.preinit_array*)
                0x08008b00                        PROVIDE (__preinit_array_end = .)
                0x08008b00                        . = ALIGN (0x4)

.init_array     0x08008b00        0x4
                0x08008b00                        . = ALIGN (0x4)
                0x08008b00                        PROVIDE (__init_array_start = .)
 *(SORT_BY_NAME(.init_array.*))
 *(.init_array*)
 .init_array    0x08008b00        0x4 D:/Software/STM32CubeIDE_1.16.0/STM32CubeIDE/plugins/com.st.stm32cube.ide.mcu.externaltools.gnu-tools-for-stm32.12.3.rel1.win32_1.0.200.202406191623/tools/bin/../lib/gcc/arm-none-eabi/12.3.1/thumb/v7e-m+fp/hard/crtbegin.o
                0x08008b04                        PROVIDE (__init_array_end = .)
                0x08008b04                        . = ALIGN (0x4)

.fini_array     0x08008b04        0x4
                0x08008b04                        . = ALIGN (0x4)
                [!provide]                        PROVIDE (__fini_array_start = .)
 *(SORT_BY_NAME(.fini_array.*))
 *(.fini_array*)
 .fini_array    0x08008b04        0x4 D:/Software/STM32CubeIDE_1.16.0/STM32CubeIDE/plugins/com.st.stm32cube.ide.mcu.externaltools.gnu-tools-for-stm32.12.3.rel1.win32_1.0.200.202406191623/tools/bin/../lib/gcc/arm-none-eabi/12.3.1/thumb/v7e-m+fp/hard/crtbegin.o
                [!provide]                        PROVIDE (__fini_array_end = .)
                0x08008b08                        . = ALIGN (0x4)
                0x08008b08                        _sidata = LOADADDR (.data)

.rel.dyn        0x08008b08        0x0
 .rel.iplt      0x08008b08        0x0 D:/Software/STM32CubeIDE_1.16.0/STM32CubeIDE/plugins/com.st.stm32cube.ide.mcu.externaltools.gnu-tools-for-stm32.12.3.rel1.win32_1.0.200.202406191623/tools/bin/../lib/gcc/arm-none-eabi/12.3.1/thumb/v7e-m+fp/hard/crtbegin.o

.data           0x20000000       0x88 load address 0x08008b08
                0x20000000                        . = ALIGN (0x4)
                0x20000000                        _sdata = .
 *(.data)
 *(.data*)
 .data.dts_flag
                0x20000000        0x1 ./Core/Src/Clock.o
                0x20000000                dts_flag
 *fill*         0x20000001        0x3 
 .data.ppm      0x20000004        0x4 ./Core/Src/Clock.o
                0x20000004                ppm
 .data.uwAddressNextWrite
                0x20000008        0x4 ./Core/Src/eeprom_emul.o
                0x20000008                uwAddressNextWrite
 .data.SystemCoreClock
                0x2000000c        0x4 ./Core/Src/system_stm32l4xx.o
                0x2000000c                SystemCoreClock
 .data.uwTickPrio
                0x20000010        0x4 ./Drivers/STM32L4xx_HAL_Driver/Src/stm32l4xx_hal.o
                0x20000010                uwTickPrio
 .data.uwTickFreq
                0x20000014        0x1 ./Drivers/STM32L4xx_HAL_Driver/Src/stm32l4xx_hal.o
                0x20000014                uwTickFreq
 *fill*         0x20000015        0x3 
 .data.pFlash   0x20000018       0x20 ./Drivers/STM32L4xx_HAL_Driver/Src/stm32l4xx_hal_flash.o
                0x20000018                pFlash
 .data._impure_ptr
                0x20000038        0x4 D:/Software/STM32CubeIDE_1.16.0/STM32CubeIDE/plugins/com.st.stm32cube.ide.mcu.externaltools.gnu-tools-for-stm32.12.3.rel1.win32_1.0.200.202406191623/tools/bin/../lib/gcc/arm-none-eabi/12.3.1/../../../../arm-none-eabi/lib/thumb/v7e-m+fp/hard\libc_nano.a(libc_a-impure.o)
                0x20000038                _impure_ptr
 .data._impure_data
                0x2000003c       0x4c D:/Software/STM32CubeIDE_1.16.0/STM32CubeIDE/plugins/com.st.stm32cube.ide.mcu.externaltools.gnu-tools-for-stm32.12.3.rel1.win32_1.0.200.202406191623/tools/bin/../lib/gcc/arm-none-eabi/12.3.1/../../../../arm-none-eabi/lib/thumb/v7e-m+fp/hard\libc_nano.a(libc_a-impure.o)
                0x2000003c                _impure_data
 *(.RamFunc)
 *(.RamFunc*)
                0x20000088                        . = ALIGN (0x4)
                0x20000088                        _edata = .

.igot.plt       0x20000088        0x0 load address 0x08008b90
 .igot.plt      0x20000088        0x0 D:/Software/STM32CubeIDE_1.16.0/STM32CubeIDE/plugins/com.st.stm32cube.ide.mcu.externaltools.gnu-tools-for-stm32.12.3.rel1.win32_1.0.200.202406191623/tools/bin/../lib/gcc/arm-none-eabi/12.3.1/thumb/v7e-m+fp/hard/crtbegin.o
                0x20000088                        . = ALIGN (0x4)

.bss            0x20000088      0x398 load address 0x08008b90
                0x20000088                        _sbss = .
                0x20000088                        __bss_start__ = _sbss
 *(.bss)
 .bss           0x20000088       0x1c D:/Software/STM32CubeIDE_1.16.0/STM32CubeIDE/plugins/com.st.stm32cube.ide.mcu.externaltools.gnu-tools-for-stm32.12.3.rel1.win32_1.0.200.202406191623/tools/bin/../lib/gcc/arm-none-eabi/12.3.1/thumb/v7e-m+fp/hard/crtbegin.o
 *(.bss*)
 .bss.currentTime
                0x200000a4        0x8 ./Core/Src/Clock.o
                0x200000a4                currentTime
 .bss.sub_second_counter
                0x200000ac        0x1 ./Core/Src/Clock.o
                0x200000ac                sub_second_counter
 .bss.adjustment_stage
                0x200000ad        0x1 ./Core/Src/Clock.o
                0x200000ad                adjustment_stage
 .bss.calibration_stage
                0x200000ae        0x1 ./Core/Src/Clock.o
                0x200000ae                calibration_stage
 *fill*         0x200000af        0x1 
 .bss.driftTime
                0x200000b0        0x4 ./Core/Src/Clock.o
                0x200000b0                driftTime
 .bss.adjust_flag
                0x200000b4        0x1 ./Core/Src/Clock.o
                0x200000b4                adjust_flag
 *fill*         0x200000b5        0x3 
 .bss.previousTick
                0x200000b8        0x4 ./Core/Src/Clock.o
                0x200000b8                previousTick
 *fill*         0x200000bc        0x4 
 .bss.elapsedTime
                0x200000c0        0x8 ./Core/Src/Clock.o
                0x200000c0                elapsedTime
 .bss.ppmCounter
                0x200000c8        0x4 ./Core/Src/Clock.o
                0x200000c8                ppmCounter
 .bss.ppmThreshold
                0x200000cc        0x4 ./Core/Src/Clock.o
                0x200000cc                ppmThreshold
 .bss.hcrc      0x200000d0       0x24 ./Core/Src/crc.o
                0x200000d0                hcrc
 .bss.uhNbWrittenElements
                0x200000f4        0x2 ./Core/Src/eeprom_emul.o
                0x200000f4                uhNbWrittenElements
 .bss.ubCurrentActivePage
                0x200000f6        0x1 ./Core/Src/eeprom_emul.o
                0x200000f6                ubCurrentActivePage
 *fill*         0x200000f7        0x1 
 .bss.AddressRead
                0x200000f8        0x4 ./Core/Src/eeprom_emul.o
                0x200000f8                AddressRead
 .bss.CleanupPhase
                0x200000fc        0x1 ./Core/Src/eeprom_emul.o
                0x200000fc                CleanupPhase
 *fill*         0x200000fd        0x3 
 .bss.last_debounce_Red
                0x20000100        0x4 ./Core/Src/gpio.o
                0x20000100                last_debounce_Red
 .bss.last_debounce_Blue
                0x20000104        0x4 ./Core/Src/gpio.o
                0x20000104                last_debounce_Blue
 .bss.last_debounce_Green
                0x20000108        0x4 ./Core/Src/gpio.o
                0x20000108                last_debounce_Green
 .bss.last_debounce_Yellow
                0x2000010c        0x4 ./Core/Src/gpio.o
                0x2000010c                last_debounce_Yellow
 .bss.hi2c3     0x20000110       0x54 ./Core/Src/i2c.o
                0x20000110                hi2c3
 .bss.__sbrk_heap_end
                0x20000164        0x4 ./Core/Src/sysmem.o
 .bss.htim1     0x20000168       0x4c ./Core/Src/tim.o
                0x20000168                htim1
 .bss.htim2     0x200001b4       0x4c ./Core/Src/tim.o
                0x200001b4                htim2
 .bss.htim15    0x20000200       0x4c ./Core/Src/tim.o
                0x20000200                htim15
 .bss.huart2    0x2000024c       0x88 ./Core/Src/usart.o
                0x2000024c                huart2
 .bss.uwTick    0x200002d4        0x4 ./Drivers/STM32L4xx_HAL_Driver/Src/stm32l4xx_hal.o
                0x200002d4                uwTick
 .bss.__sf      0x200002d8      0x138 D:/Software/STM32CubeIDE_1.16.0/STM32CubeIDE/plugins/com.st.stm32cube.ide.mcu.externaltools.gnu-tools-for-stm32.12.3.rel1.win32_1.0.200.202406191623/tools/bin/../lib/gcc/arm-none-eabi/12.3.1/../../../../arm-none-eabi/lib/thumb/v7e-m+fp/hard\libc_nano.a(libc_a-findfp.o)
                0x200002d8                __sf
 .bss.errno     0x20000410        0x4 D:/Software/STM32CubeIDE_1.16.0/STM32CubeIDE/plugins/com.st.stm32cube.ide.mcu.externaltools.gnu-tools-for-stm32.12.3.rel1.win32_1.0.200.202406191623/tools/bin/../lib/gcc/arm-none-eabi/12.3.1/../../../../arm-none-eabi/lib/thumb/v7e-m+fp/hard\libc_nano.a(libc_a-reent.o)
                0x20000410                errno
 .bss.__lock___malloc_recursive_mutex
                0x20000414        0x1 D:/Software/STM32CubeIDE_1.16.0/STM32CubeIDE/plugins/com.st.stm32cube.ide.mcu.externaltools.gnu-tools-for-stm32.12.3.rel1.win32_1.0.200.202406191623/tools/bin/../lib/gcc/arm-none-eabi/12.3.1/../../../../arm-none-eabi/lib/thumb/v7e-m+fp/hard\libc_nano.a(libc_a-lock.o)
                0x20000414                __lock___malloc_recursive_mutex
 *fill*         0x20000415        0x3 
 .bss.__malloc_sbrk_start
                0x20000418        0x4 D:/Software/STM32CubeIDE_1.16.0/STM32CubeIDE/plugins/com.st.stm32cube.ide.mcu.externaltools.gnu-tools-for-stm32.12.3.rel1.win32_1.0.200.202406191623/tools/bin/../lib/gcc/arm-none-eabi/12.3.1/../../../../arm-none-eabi/lib/thumb/v7e-m+fp/hard\libc_nano.a(libc_a-mallocr.o)
                0x20000418                __malloc_sbrk_start
 .bss.__malloc_free_list
                0x2000041c        0x4 D:/Software/STM32CubeIDE_1.16.0/STM32CubeIDE/plugins/com.st.stm32cube.ide.mcu.externaltools.gnu-tools-for-stm32.12.3.rel1.win32_1.0.200.202406191623/tools/bin/../lib/gcc/arm-none-eabi/12.3.1/../../../../arm-none-eabi/lib/thumb/v7e-m+fp/hard\libc_nano.a(libc_a-mallocr.o)
                0x2000041c                __malloc_free_list
 *(COMMON)
                0x20000420                        . = ALIGN (0x4)
                0x20000420                        _ebss = .
                0x20000420                        __bss_end__ = _ebss

._user_heap_stack
                0x20000420      0x600 load address 0x08008b90
                0x20000420                        . = ALIGN (0x8)
                [!provide]                        PROVIDE (end = .)
                0x20000420                        PROVIDE (_end = .)
                0x20000620                        . = (. + _Min_Heap_Size)
 *fill*         0x20000420      0x200 
                0x20000a20                        . = (. + _Min_Stack_Size)
 *fill*         0x20000620      0x400 
                0x20000a20                        . = ALIGN (0x8)

/DISCARD/
 libc.a(*)
 libm.a(*)
 libgcc.a(*)

.ARM.attributes
                0x00000000       0x30
 *(.ARM.attributes)
 .ARM.attributes
                0x00000000       0x22 D:/Software/STM32CubeIDE_1.16.0/STM32CubeIDE/plugins/com.st.stm32cube.ide.mcu.externaltools.gnu-tools-for-stm32.12.3.rel1.win32_1.0.200.202406191623/tools/bin/../lib/gcc/arm-none-eabi/12.3.1/thumb/v7e-m+fp/hard/crti.o
 .ARM.attributes
                0x00000022       0x34 D:/Software/STM32CubeIDE_1.16.0/STM32CubeIDE/plugins/com.st.stm32cube.ide.mcu.externaltools.gnu-tools-for-stm32.12.3.rel1.win32_1.0.200.202406191623/tools/bin/../lib/gcc/arm-none-eabi/12.3.1/thumb/v7e-m+fp/hard/crtbegin.o
 .ARM.attributes
                0x00000056       0x34 ./Core/Src/Clock.o
 .ARM.attributes
                0x0000008a       0x34 ./Core/Src/EEPROM.o
 .ARM.attributes
                0x000000be       0x34 ./Core/Src/LCD_I2C.o
 .ARM.attributes
                0x000000f2       0x34 ./Core/Src/crc.o
 .ARM.attributes
                0x00000126       0x34 ./Core/Src/eeprom_emul.o
 .ARM.attributes
                0x0000015a       0x34 ./Core/Src/flash_interface.o
 .ARM.attributes
                0x0000018e       0x34 ./Core/Src/gpio.o
 .ARM.attributes
                0x000001c2       0x34 ./Core/Src/i2c.o
 .ARM.attributes
                0x000001f6       0x34 ./Core/Src/main.o
 .ARM.attributes
                0x0000022a       0x34 ./Core/Src/stm32l4xx_hal_msp.o
 .ARM.attributes
                0x0000025e       0x34 ./Core/Src/stm32l4xx_it.o
 .ARM.attributes
                0x00000292       0x34 ./Core/Src/sysmem.o
 .ARM.attributes
                0x000002c6       0x34 ./Core/Src/system_stm32l4xx.o
 .ARM.attributes
                0x000002fa       0x34 ./Core/Src/tim.o
 .ARM.attributes
                0x0000032e       0x34 ./Core/Src/usart.o
 .ARM.attributes
                0x00000362       0x21 ./Core/Startup/startup_stm32l432kcux.o
 .ARM.attributes
                0x00000383       0x34 ./Drivers/STM32L4xx_HAL_Driver/Src/stm32l4xx_hal.o
 .ARM.attributes
                0x000003b7       0x34 ./Drivers/STM32L4xx_HAL_Driver/Src/stm32l4xx_hal_cortex.o
 .ARM.attributes
                0x000003eb       0x34 ./Drivers/STM32L4xx_HAL_Driver/Src/stm32l4xx_hal_crc.o
 .ARM.attributes
                0x0000041f       0x34 ./Drivers/STM32L4xx_HAL_Driver/Src/stm32l4xx_hal_crc_ex.o
 .ARM.attributes
                0x00000453       0x34 ./Drivers/STM32L4xx_HAL_Driver/Src/stm32l4xx_hal_flash.o
 .ARM.attributes
                0x00000487       0x34 ./Drivers/STM32L4xx_HAL_Driver/Src/stm32l4xx_hal_flash_ex.o
 .ARM.attributes
                0x000004bb       0x34 ./Drivers/STM32L4xx_HAL_Driver/Src/stm32l4xx_hal_gpio.o
 .ARM.attributes
                0x000004ef       0x34 ./Drivers/STM32L4xx_HAL_Driver/Src/stm32l4xx_hal_i2c.o
 .ARM.attributes
                0x00000523       0x34 ./Drivers/STM32L4xx_HAL_Driver/Src/stm32l4xx_hal_i2c_ex.o
 .ARM.attributes
                0x00000557       0x34 ./Drivers/STM32L4xx_HAL_Driver/Src/stm32l4xx_hal_pwr.o
 .ARM.attributes
                0x0000058b       0x34 ./Drivers/STM32L4xx_HAL_Driver/Src/stm32l4xx_hal_pwr_ex.o
 .ARM.attributes
                0x000005bf       0x34 ./Drivers/STM32L4xx_HAL_Driver/Src/stm32l4xx_hal_rcc.o
 .ARM.attributes
                0x000005f3       0x34 ./Drivers/STM32L4xx_HAL_Driver/Src/stm32l4xx_hal_rcc_ex.o
 .ARM.attributes
                0x00000627       0x34 ./Drivers/STM32L4xx_HAL_Driver/Src/stm32l4xx_hal_tim.o
 .ARM.attributes
                0x0000065b       0x34 ./Drivers/STM32L4xx_HAL_Driver/Src/stm32l4xx_hal_tim_ex.o
 .ARM.attributes
                0x0000068f       0x34 ./Drivers/STM32L4xx_HAL_Driver/Src/stm32l4xx_hal_uart.o
 .ARM.attributes
                0x000006c3       0x34 D:/Software/STM32CubeIDE_1.16.0/STM32CubeIDE/plugins/com.st.stm32cube.ide.mcu.externaltools.gnu-tools-for-stm32.12.3.rel1.win32_1.0.200.202406191623/tools/bin/../lib/gcc/arm-none-eabi/12.3.1/../../../../arm-none-eabi/lib/thumb/v7e-m+fp/hard\libc_nano.a(libc_a-findfp.o)
 .ARM.attributes
                0x000006f7       0x34 D:/Software/STM32CubeIDE_1.16.0/STM32CubeIDE/plugins/com.st.stm32cube.ide.mcu.externaltools.gnu-tools-for-stm32.12.3.rel1.win32_1.0.200.202406191623/tools/bin/../lib/gcc/arm-none-eabi/12.3.1/../../../../arm-none-eabi/lib/thumb/v7e-m+fp/hard\libc_nano.a(libc_a-snprintf.o)
 .ARM.attributes
                0x0000072b       0x34 D:/Software/STM32CubeIDE_1.16.0/STM32CubeIDE/plugins/com.st.stm32cube.ide.mcu.externaltools.gnu-tools-for-stm32.12.3.rel1.win32_1.0.200.202406191623/tools/bin/../lib/gcc/arm-none-eabi/12.3.1/../../../../arm-none-eabi/lib/thumb/v7e-m+fp/hard\libc_nano.a(libc_a-memset.o)
 .ARM.attributes
                0x0000075f       0x34 D:/Software/STM32CubeIDE_1.16.0/STM32CubeIDE/plugins/com.st.stm32cube.ide.mcu.externaltools.gnu-tools-for-stm32.12.3.rel1.win32_1.0.200.202406191623/tools/bin/../lib/gcc/arm-none-eabi/12.3.1/../../../../arm-none-eabi/lib/thumb/v7e-m+fp/hard\libc_nano.a(libc_a-reent.o)
 .ARM.attributes
                0x00000793       0x34 D:/Software/STM32CubeIDE_1.16.0/STM32CubeIDE/plugins/com.st.stm32cube.ide.mcu.externaltools.gnu-tools-for-stm32.12.3.rel1.win32_1.0.200.202406191623/tools/bin/../lib/gcc/arm-none-eabi/12.3.1/../../../../arm-none-eabi/lib/thumb/v7e-m+fp/hard\libc_nano.a(libc_a-impure.o)
 .ARM.attributes
                0x000007c7       0x34 D:/Software/STM32CubeIDE_1.16.0/STM32CubeIDE/plugins/com.st.stm32cube.ide.mcu.externaltools.gnu-tools-for-stm32.12.3.rel1.win32_1.0.200.202406191623/tools/bin/../lib/gcc/arm-none-eabi/12.3.1/../../../../arm-none-eabi/lib/thumb/v7e-m+fp/hard\libc_nano.a(libc_a-errno.o)
 .ARM.attributes
                0x000007fb       0x34 D:/Software/STM32CubeIDE_1.16.0/STM32CubeIDE/plugins/com.st.stm32cube.ide.mcu.externaltools.gnu-tools-for-stm32.12.3.rel1.win32_1.0.200.202406191623/tools/bin/../lib/gcc/arm-none-eabi/12.3.1/../../../../arm-none-eabi/lib/thumb/v7e-m+fp/hard\libc_nano.a(libc_a-init.o)
 .ARM.attributes
                0x0000082f       0x34 D:/Software/STM32CubeIDE_1.16.0/STM32CubeIDE/plugins/com.st.stm32cube.ide.mcu.externaltools.gnu-tools-for-stm32.12.3.rel1.win32_1.0.200.202406191623/tools/bin/../lib/gcc/arm-none-eabi/12.3.1/../../../../arm-none-eabi/lib/thumb/v7e-m+fp/hard\libc_nano.a(libc_a-lock.o)
 .ARM.attributes
                0x00000863       0x34 D:/Software/STM32CubeIDE_1.16.0/STM32CubeIDE/plugins/com.st.stm32cube.ide.mcu.externaltools.gnu-tools-for-stm32.12.3.rel1.win32_1.0.200.202406191623/tools/bin/../lib/gcc/arm-none-eabi/12.3.1/../../../../arm-none-eabi/lib/thumb/v7e-m+fp/hard\libc_nano.a(libc_a-freer.o)
 .ARM.attributes
                0x00000897       0x34 D:/Software/STM32CubeIDE_1.16.0/STM32CubeIDE/plugins/com.st.stm32cube.ide.mcu.externaltools.gnu-tools-for-stm32.12.3.rel1.win32_1.0.200.202406191623/tools/bin/../lib/gcc/arm-none-eabi/12.3.1/../../../../arm-none-eabi/lib/thumb/v7e-m+fp/hard\libc_nano.a(libc_a-mallocr.o)
 .ARM.attributes
                0x000008cb       0x34 D:/Software/STM32CubeIDE_1.16.0/STM32CubeIDE/plugins/com.st.stm32cube.ide.mcu.externaltools.gnu-tools-for-stm32.12.3.rel1.win32_1.0.200.202406191623/tools/bin/../lib/gcc/arm-none-eabi/12.3.1/../../../../arm-none-eabi/lib/thumb/v7e-m+fp/hard\libc_nano.a(libc_a-mlock.o)
 .ARM.attributes
                0x000008ff       0x34 D:/Software/STM32CubeIDE_1.16.0/STM32CubeIDE/plugins/com.st.stm32cube.ide.mcu.externaltools.gnu-tools-for-stm32.12.3.rel1.win32_1.0.200.202406191623/tools/bin/../lib/gcc/arm-none-eabi/12.3.1/../../../../arm-none-eabi/lib/thumb/v7e-m+fp/hard\libc_nano.a(libc_a-nano-svfprintf.o)
 .ARM.attributes
                0x00000933       0x34 D:/Software/STM32CubeIDE_1.16.0/STM32CubeIDE/plugins/com.st.stm32cube.ide.mcu.externaltools.gnu-tools-for-stm32.12.3.rel1.win32_1.0.200.202406191623/tools/bin/../lib/gcc/arm-none-eabi/12.3.1/../../../../arm-none-eabi/lib/thumb/v7e-m+fp/hard\libc_nano.a(libc_a-nano-vfprintf_i.o)
 .ARM.attributes
                0x00000967       0x34 D:/Software/STM32CubeIDE_1.16.0/STM32CubeIDE/plugins/com.st.stm32cube.ide.mcu.externaltools.gnu-tools-for-stm32.12.3.rel1.win32_1.0.200.202406191623/tools/bin/../lib/gcc/arm-none-eabi/12.3.1/../../../../arm-none-eabi/lib/thumb/v7e-m+fp/hard\libc_nano.a(libc_a-memmove.o)
 .ARM.attributes
                0x0000099b       0x34 D:/Software/STM32CubeIDE_1.16.0/STM32CubeIDE/plugins/com.st.stm32cube.ide.mcu.externaltools.gnu-tools-for-stm32.12.3.rel1.win32_1.0.200.202406191623/tools/bin/../lib/gcc/arm-none-eabi/12.3.1/../../../../arm-none-eabi/lib/thumb/v7e-m+fp/hard\libc_nano.a(libc_a-sbrkr.o)
 .ARM.attributes
                0x000009cf       0x1c D:/Software/STM32CubeIDE_1.16.0/STM32CubeIDE/plugins/com.st.stm32cube.ide.mcu.externaltools.gnu-tools-for-stm32.12.3.rel1.win32_1.0.200.202406191623/tools/bin/../lib/gcc/arm-none-eabi/12.3.1/../../../../arm-none-eabi/lib/thumb/v7e-m+fp/hard\libc_nano.a(libc_a-memchr.o)
 .ARM.attributes
                0x000009eb       0x34 D:/Software/STM32CubeIDE_1.16.0/STM32CubeIDE/plugins/com.st.stm32cube.ide.mcu.externaltools.gnu-tools-for-stm32.12.3.rel1.win32_1.0.200.202406191623/tools/bin/../lib/gcc/arm-none-eabi/12.3.1/../../../../arm-none-eabi/lib/thumb/v7e-m+fp/hard\libc_nano.a(libc_a-memcpy-stub.o)
 .ARM.attributes
                0x00000a1f       0x34 D:/Software/STM32CubeIDE_1.16.0/STM32CubeIDE/plugins/com.st.stm32cube.ide.mcu.externaltools.gnu-tools-for-stm32.12.3.rel1.win32_1.0.200.202406191623/tools/bin/../lib/gcc/arm-none-eabi/12.3.1/../../../../arm-none-eabi/lib/thumb/v7e-m+fp/hard\libc_nano.a(libc_a-reallocr.o)
 .ARM.attributes
                0x00000a53       0x34 D:/Software/STM32CubeIDE_1.16.0/STM32CubeIDE/plugins/com.st.stm32cube.ide.mcu.externaltools.gnu-tools-for-stm32.12.3.rel1.win32_1.0.200.202406191623/tools/bin/../lib/gcc/arm-none-eabi/12.3.1/../../../../arm-none-eabi/lib/thumb/v7e-m+fp/hard\libc_nano.a(libc_a-msizer.o)
 .ARM.attributes
                0x00000a87       0x22 D:/Software/STM32CubeIDE_1.16.0/STM32CubeIDE/plugins/com.st.stm32cube.ide.mcu.externaltools.gnu-tools-for-stm32.12.3.rel1.win32_1.0.200.202406191623/tools/bin/../lib/gcc/arm-none-eabi/12.3.1/thumb/v7e-m+fp/hard\libgcc.a(_aeabi_ldivmod.o)
 .ARM.attributes
                0x00000aa9       0x22 D:/Software/STM32CubeIDE_1.16.0/STM32CubeIDE/plugins/com.st.stm32cube.ide.mcu.externaltools.gnu-tools-for-stm32.12.3.rel1.win32_1.0.200.202406191623/tools/bin/../lib/gcc/arm-none-eabi/12.3.1/thumb/v7e-m+fp/hard\libgcc.a(_aeabi_uldivmod.o)
 .ARM.attributes
                0x00000acb       0x34 D:/Software/STM32CubeIDE_1.16.0/STM32CubeIDE/plugins/com.st.stm32cube.ide.mcu.externaltools.gnu-tools-for-stm32.12.3.rel1.win32_1.0.200.202406191623/tools/bin/../lib/gcc/arm-none-eabi/12.3.1/thumb/v7e-m+fp/hard\libgcc.a(_udivmoddi4.o)
 .ARM.attributes
                0x00000aff       0x22 D:/Software/STM32CubeIDE_1.16.0/STM32CubeIDE/plugins/com.st.stm32cube.ide.mcu.externaltools.gnu-tools-for-stm32.12.3.rel1.win32_1.0.200.202406191623/tools/bin/../lib/gcc/arm-none-eabi/12.3.1/thumb/v7e-m+fp/hard\libgcc.a(_dvmd_tls.o)
 .ARM.attributes
                0x00000b21       0x22 D:/Software/STM32CubeIDE_1.16.0/STM32CubeIDE/plugins/com.st.stm32cube.ide.mcu.externaltools.gnu-tools-for-stm32.12.3.rel1.win32_1.0.200.202406191623/tools/bin/../lib/gcc/arm-none-eabi/12.3.1/thumb/v7e-m+fp/hard/crtn.o
OUTPUT(Auto-correction.elf elf32-littlearm)
LOAD linker stubs
LOAD D:/Software/STM32CubeIDE_1.16.0/STM32CubeIDE/plugins/com.st.stm32cube.ide.mcu.externaltools.gnu-tools-for-stm32.12.3.rel1.win32_1.0.200.202406191623/tools/bin/../lib/gcc/arm-none-eabi/12.3.1/../../../../arm-none-eabi/lib/thumb/v7e-m+fp/hard\libc.a
LOAD D:/Software/STM32CubeIDE_1.16.0/STM32CubeIDE/plugins/com.st.stm32cube.ide.mcu.externaltools.gnu-tools-for-stm32.12.3.rel1.win32_1.0.200.202406191623/tools/bin/../lib/gcc/arm-none-eabi/12.3.1/../../../../arm-none-eabi/lib/thumb/v7e-m+fp/hard\libm.a
LOAD D:/Software/STM32CubeIDE_1.16.0/STM32CubeIDE/plugins/com.st.stm32cube.ide.mcu.externaltools.gnu-tools-for-stm32.12.3.rel1.win32_1.0.200.202406191623/tools/bin/../lib/gcc/arm-none-eabi/12.3.1/thumb/v7e-m+fp/hard\libgcc.a

.debug_info     0x00000000    0x1858b
 .debug_info    0x00000000      0xc55 ./Core/Src/Clock.o
 .debug_info    0x00000c55      0x57c ./Core/Src/EEPROM.o
 .debug_info    0x000011d1      0x88f ./Core/Src/LCD_I2C.o
 .debug_info    0x00001a60      0x525 ./Core/Src/crc.o
 .debug_info    0x00001f85      0xf85 ./Core/Src/eeprom_emul.o
 .debug_info    0x00002f0a      0x45c ./Core/Src/flash_interface.o
 .debug_info    0x00003366      0x6f8 ./Core/Src/gpio.o
 .debug_info    0x00003a5e      0xc09 ./Core/Src/i2c.o
 .debug_info    0x00004667      0xbf5 ./Core/Src/main.o
 .debug_info    0x0000525c      0x2cc ./Core/Src/stm32l4xx_hal_msp.o
 .debug_info    0x00005528      0x79e ./Core/Src/stm32l4xx_it.o
 .debug_info    0x00005cc6      0x168 ./Core/Src/sysmem.o
 .debug_info    0x00005e2e      0x5bf ./Core/Src/system_stm32l4xx.o
 .debug_info    0x000063ed      0xcf9 ./Core/Src/tim.o
 .debug_info    0x000070e6      0xc57 ./Core/Src/usart.o
 .debug_info    0x00007d3d       0x30 ./Core/Startup/startup_stm32l432kcux.o
 .debug_info    0x00007d6d      0x99e ./Drivers/STM32L4xx_HAL_Driver/Src/stm32l4xx_hal.o
 .debug_info    0x0000870b      0xd03 ./Drivers/STM32L4xx_HAL_Driver/Src/stm32l4xx_hal_cortex.o
 .debug_info    0x0000940e      0x530 ./Drivers/STM32L4xx_HAL_Driver/Src/stm32l4xx_hal_crc.o
 .debug_info    0x0000993e      0x35b ./Drivers/STM32L4xx_HAL_Driver/Src/stm32l4xx_hal_crc_ex.o
 .debug_info    0x00009c99      0x661 ./Drivers/STM32L4xx_HAL_Driver/Src/stm32l4xx_hal_flash.o
 .debug_info    0x0000a2fa      0x744 ./Drivers/STM32L4xx_HAL_Driver/Src/stm32l4xx_hal_flash_ex.o
 .debug_info    0x0000aa3e      0x757 ./Drivers/STM32L4xx_HAL_Driver/Src/stm32l4xx_hal_gpio.o
 .debug_info    0x0000b195     0x20d2 ./Drivers/STM32L4xx_HAL_Driver/Src/stm32l4xx_hal_i2c.o
 .debug_info    0x0000d267      0x981 ./Drivers/STM32L4xx_HAL_Driver/Src/stm32l4xx_hal_i2c_ex.o
 .debug_info    0x0000dbe8      0x92c ./Drivers/STM32L4xx_HAL_Driver/Src/stm32l4xx_hal_pwr.o
 .debug_info    0x0000e514      0x920 ./Drivers/STM32L4xx_HAL_Driver/Src/stm32l4xx_hal_pwr_ex.o
 .debug_info    0x0000ee34      0xbc3 ./Drivers/STM32L4xx_HAL_Driver/Src/stm32l4xx_hal_rcc.o
 .debug_info    0x0000f9f7      0xee5 ./Drivers/STM32L4xx_HAL_Driver/Src/stm32l4xx_hal_rcc_ex.o
 .debug_info    0x000108dc     0x2a9a ./Drivers/STM32L4xx_HAL_Driver/Src/stm32l4xx_hal_tim.o
 .debug_info    0x00013376     0x169e ./Drivers/STM32L4xx_HAL_Driver/Src/stm32l4xx_hal_tim_ex.o
 .debug_info    0x00014a14     0x3b77 ./Drivers/STM32L4xx_HAL_Driver/Src/stm32l4xx_hal_uart.o

.debug_abbrev   0x00000000     0x404c
 .debug_abbrev  0x00000000      0x313 ./Core/Src/Clock.o
 .debug_abbrev  0x00000313      0x1f0 ./Core/Src/EEPROM.o
 .debug_abbrev  0x00000503      0x22a ./Core/Src/LCD_I2C.o
 .debug_abbrev  0x0000072d      0x18b ./Core/Src/crc.o
 .debug_abbrev  0x000008b8      0x26a ./Core/Src/eeprom_emul.o
 .debug_abbrev  0x00000b22      0x1c7 ./Core/Src/flash_interface.o
 .debug_abbrev  0x00000ce9      0x1cb ./Core/Src/gpio.o
 .debug_abbrev  0x00000eb4      0x212 ./Core/Src/i2c.o
 .debug_abbrev  0x000010c6      0x269 ./Core/Src/main.o
 .debug_abbrev  0x0000132f       0xc6 ./Core/Src/stm32l4xx_hal_msp.o
 .debug_abbrev  0x000013f5      0x1b0 ./Core/Src/stm32l4xx_it.o
 .debug_abbrev  0x000015a5       0xbc ./Core/Src/sysmem.o
 .debug_abbrev  0x00001661      0x11a ./Core/Src/system_stm32l4xx.o
 .debug_abbrev  0x0000177b      0x206 ./Core/Src/tim.o
 .debug_abbrev  0x00001981      0x1f5 ./Core/Src/usart.o
 .debug_abbrev  0x00001b76       0x24 ./Core/Startup/startup_stm32l432kcux.o
 .debug_abbrev  0x00001b9a      0x225 ./Drivers/STM32L4xx_HAL_Driver/Src/stm32l4xx_hal.o
 .debug_abbrev  0x00001dbf      0x31c ./Drivers/STM32L4xx_HAL_Driver/Src/stm32l4xx_hal_cortex.o
 .debug_abbrev  0x000020db      0x1ee ./Drivers/STM32L4xx_HAL_Driver/Src/stm32l4xx_hal_crc.o
 .debug_abbrev  0x000022c9      0x151 ./Drivers/STM32L4xx_HAL_Driver/Src/stm32l4xx_hal_crc_ex.o
 .debug_abbrev  0x0000241a      0x312 ./Drivers/STM32L4xx_HAL_Driver/Src/stm32l4xx_hal_flash.o
 .debug_abbrev  0x0000272c      0x22d ./Drivers/STM32L4xx_HAL_Driver/Src/stm32l4xx_hal_flash_ex.o
 .debug_abbrev  0x00002959      0x1cb ./Drivers/STM32L4xx_HAL_Driver/Src/stm32l4xx_hal_gpio.o
 .debug_abbrev  0x00002b24      0x261 ./Drivers/STM32L4xx_HAL_Driver/Src/stm32l4xx_hal_i2c.o
 .debug_abbrev  0x00002d85      0x1c3 ./Drivers/STM32L4xx_HAL_Driver/Src/stm32l4xx_hal_i2c_ex.o
 .debug_abbrev  0x00002f48      0x1d4 ./Drivers/STM32L4xx_HAL_Driver/Src/stm32l4xx_hal_pwr.o
 .debug_abbrev  0x0000311c      0x1f9 ./Drivers/STM32L4xx_HAL_Driver/Src/stm32l4xx_hal_pwr_ex.o
 .debug_abbrev  0x00003315      0x2cb ./Drivers/STM32L4xx_HAL_Driver/Src/stm32l4xx_hal_rcc.o
 .debug_abbrev  0x000035e0      0x2a1 ./Drivers/STM32L4xx_HAL_Driver/Src/stm32l4xx_hal_rcc_ex.o
 .debug_abbrev  0x00003881      0x278 ./Drivers/STM32L4xx_HAL_Driver/Src/stm32l4xx_hal_tim.o
 .debug_abbrev  0x00003af9      0x283 ./Drivers/STM32L4xx_HAL_Driver/Src/stm32l4xx_hal_tim_ex.o
 .debug_abbrev  0x00003d7c      0x2d0 ./Drivers/STM32L4xx_HAL_Driver/Src/stm32l4xx_hal_uart.o

.debug_aranges  0x00000000     0x1668
 .debug_aranges
                0x00000000       0x68 ./Core/Src/Clock.o
 .debug_aranges
                0x00000068       0x48 ./Core/Src/EEPROM.o
 .debug_aranges
                0x000000b0       0x48 ./Core/Src/LCD_I2C.o
 .debug_aranges
                0x000000f8       0x30 ./Core/Src/crc.o
 .debug_aranges
                0x00000128      0x100 ./Core/Src/eeprom_emul.o
 .debug_aranges
                0x00000228       0x48 ./Core/Src/flash_interface.o
 .debug_aranges
                0x00000270       0x28 ./Core/Src/gpio.o
 .debug_aranges
                0x00000298       0x30 ./Core/Src/i2c.o
 .debug_aranges
                0x000002c8       0x30 ./Core/Src/main.o
 .debug_aranges
                0x000002f8       0x20 ./Core/Src/stm32l4xx_hal_msp.o
 .debug_aranges
                0x00000318       0x90 ./Core/Src/stm32l4xx_it.o
 .debug_aranges
                0x000003a8       0x20 ./Core/Src/sysmem.o
 .debug_aranges
                0x000003c8       0x28 ./Core/Src/system_stm32l4xx.o
 .debug_aranges
                0x000003f0       0x40 ./Core/Src/tim.o
 .debug_aranges
                0x00000430       0x30 ./Core/Src/usart.o
 .debug_aranges
                0x00000460       0x28 ./Core/Startup/startup_stm32l432kcux.o
 .debug_aranges
                0x00000488      0x108 ./Drivers/STM32L4xx_HAL_Driver/Src/stm32l4xx_hal.o
 .debug_aranges
                0x00000590      0x128 ./Drivers/STM32L4xx_HAL_Driver/Src/stm32l4xx_hal_cortex.o
 .debug_aranges
                0x000006b8       0x60 ./Drivers/STM32L4xx_HAL_Driver/Src/stm32l4xx_hal_crc.o
 .debug_aranges
                0x00000718       0x30 ./Drivers/STM32L4xx_HAL_Driver/Src/stm32l4xx_hal_crc_ex.o
 .debug_aranges
                0x00000748       0x88 ./Drivers/STM32L4xx_HAL_Driver/Src/stm32l4xx_hal_flash.o
 .debug_aranges
                0x000007d0       0x90 ./Drivers/STM32L4xx_HAL_Driver/Src/stm32l4xx_hal_flash_ex.o
 .debug_aranges
                0x00000860       0x58 ./Drivers/STM32L4xx_HAL_Driver/Src/stm32l4xx_hal_gpio.o
 .debug_aranges
                0x000008b8      0x2a0 ./Drivers/STM32L4xx_HAL_Driver/Src/stm32l4xx_hal_i2c.o
 .debug_aranges
                0x00000b58       0x48 ./Drivers/STM32L4xx_HAL_Driver/Src/stm32l4xx_hal_i2c_ex.o
 .debug_aranges
                0x00000ba0       0x98 ./Drivers/STM32L4xx_HAL_Driver/Src/stm32l4xx_hal_pwr.o
 .debug_aranges
                0x00000c38      0x128 ./Drivers/STM32L4xx_HAL_Driver/Src/stm32l4xx_hal_pwr_ex.o
 .debug_aranges
                0x00000d60       0x90 ./Drivers/STM32L4xx_HAL_Driver/Src/stm32l4xx_hal_rcc.o
 .debug_aranges
                0x00000df0       0xf0 ./Drivers/STM32L4xx_HAL_Driver/Src/stm32l4xx_hal_rcc_ex.o
 .debug_aranges
                0x00000ee0      0x3e0 ./Drivers/STM32L4xx_HAL_Driver/Src/stm32l4xx_hal_tim.o
 .debug_aranges
                0x000012c0      0x180 ./Drivers/STM32L4xx_HAL_Driver/Src/stm32l4xx_hal_tim_ex.o
 .debug_aranges
                0x00001440      0x228 ./Drivers/STM32L4xx_HAL_Driver/Src/stm32l4xx_hal_uart.o

.debug_rnglists
                0x00000000     0x1159
 .debug_rnglists
                0x00000000       0x50 ./Core/Src/Clock.o
 .debug_rnglists
                0x00000050       0x34 ./Core/Src/EEPROM.o
 .debug_rnglists
                0x00000084       0x32 ./Core/Src/LCD_I2C.o
 .debug_rnglists
                0x000000b6       0x1f ./Core/Src/crc.o
 .debug_rnglists
                0x000000d5       0xc5 ./Core/Src/eeprom_emul.o
 .debug_rnglists
                0x0000019a       0x32 ./Core/Src/flash_interface.o
 .debug_rnglists
                0x000001cc       0x1b ./Core/Src/gpio.o
 .debug_rnglists
                0x000001e7       0x21 ./Core/Src/i2c.o
 .debug_rnglists
                0x00000208       0x20 ./Core/Src/main.o
 .debug_rnglists
                0x00000228       0x13 ./Core/Src/stm32l4xx_hal_msp.o
 .debug_rnglists
                0x0000023b       0x67 ./Core/Src/stm32l4xx_it.o
 .debug_rnglists
                0x000002a2       0x13 ./Core/Src/sysmem.o
 .debug_rnglists
                0x000002b5       0x1a ./Core/Src/system_stm32l4xx.o
 .debug_rnglists
                0x000002cf       0x2f ./Core/Src/tim.o
 .debug_rnglists
                0x000002fe       0x20 ./Core/Src/usart.o
 .debug_rnglists
                0x0000031e       0x19 ./Core/Startup/startup_stm32l432kcux.o
 .debug_rnglists
                0x00000337       0xc1 ./Drivers/STM32L4xx_HAL_Driver/Src/stm32l4xx_hal.o
 .debug_rnglists
                0x000003f8       0xda ./Drivers/STM32L4xx_HAL_Driver/Src/stm32l4xx_hal_cortex.o
 .debug_rnglists
                0x000004d2       0x47 ./Drivers/STM32L4xx_HAL_Driver/Src/stm32l4xx_hal_crc.o
 .debug_rnglists
                0x00000519       0x20 ./Drivers/STM32L4xx_HAL_Driver/Src/stm32l4xx_hal_crc_ex.o
 .debug_rnglists
                0x00000539       0x65 ./Drivers/STM32L4xx_HAL_Driver/Src/stm32l4xx_hal_flash.o
 .debug_rnglists
                0x0000059e       0x6f ./Drivers/STM32L4xx_HAL_Driver/Src/stm32l4xx_hal_flash_ex.o
 .debug_rnglists
                0x0000060d       0x3f ./Drivers/STM32L4xx_HAL_Driver/Src/stm32l4xx_hal_gpio.o
 .debug_rnglists
                0x0000064c      0x228 ./Drivers/STM32L4xx_HAL_Driver/Src/stm32l4xx_hal_i2c.o
 .debug_rnglists
                0x00000874       0x35 ./Drivers/STM32L4xx_HAL_Driver/Src/stm32l4xx_hal_i2c_ex.o
 .debug_rnglists
                0x000008a9       0x6e ./Drivers/STM32L4xx_HAL_Driver/Src/stm32l4xx_hal_pwr.o
 .debug_rnglists
                0x00000917       0xdf ./Drivers/STM32L4xx_HAL_Driver/Src/stm32l4xx_hal_pwr_ex.o
 .debug_rnglists
                0x000009f6       0x6d ./Drivers/STM32L4xx_HAL_Driver/Src/stm32l4xx_hal_rcc.o
 .debug_rnglists
                0x00000a63       0xba ./Drivers/STM32L4xx_HAL_Driver/Src/stm32l4xx_hal_rcc_ex.o
 .debug_rnglists
                0x00000b1d      0x328 ./Drivers/STM32L4xx_HAL_Driver/Src/stm32l4xx_hal_tim.o
 .debug_rnglists
                0x00000e45      0x139 ./Drivers/STM32L4xx_HAL_Driver/Src/stm32l4xx_hal_tim_ex.o
 .debug_rnglists
                0x00000f7e      0x1db ./Drivers/STM32L4xx_HAL_Driver/Src/stm32l4xx_hal_uart.o

.debug_macro    0x00000000    0x2461f
 .debug_macro   0x00000000      0x3c8 ./Core/Src/Clock.o
 .debug_macro   0x000003c8      0xab4 ./Core/Src/Clock.o
 .debug_macro   0x00000e7c      0x1b3 ./Core/Src/Clock.o
 .debug_macro   0x0000102f       0x2e ./Core/Src/Clock.o
 .debug_macro   0x0000105d       0x28 ./Core/Src/Clock.o
 .debug_macro   0x00001085       0x22 ./Core/Src/Clock.o
 .debug_macro   0x000010a7       0x8e ./Core/Src/Clock.o
 .debug_macro   0x00001135       0x51 ./Core/Src/Clock.o
 .debug_macro   0x00001186      0x103 ./Core/Src/Clock.o
 .debug_macro   0x00001289       0x6a ./Core/Src/Clock.o
 .debug_macro   0x000012f3      0x1df ./Core/Src/Clock.o
 .debug_macro   0x000014d2       0x1c ./Core/Src/Clock.o
 .debug_macro   0x000014ee       0x22 ./Core/Src/Clock.o
 .debug_macro   0x00001510       0xfb ./Core/Src/Clock.o
 .debug_macro   0x0000160b     0x1011 ./Core/Src/Clock.o
 .debug_macro   0x0000261c      0x11f ./Core/Src/Clock.o
 .debug_macro   0x0000273b    0x147a6 ./Core/Src/Clock.o
 .debug_macro   0x00016ee1       0x6d ./Core/Src/Clock.o
 .debug_macro   0x00016f4e     0x38fb ./Core/Src/Clock.o
 .debug_macro   0x0001a849      0x189 ./Core/Src/Clock.o
 .debug_macro   0x0001a9d2       0x5c ./Core/Src/Clock.o
 .debug_macro   0x0001aa2e     0x11ca ./Core/Src/Clock.o
 .debug_macro   0x0001bbf8      0x53c ./Core/Src/Clock.o
 .debug_macro   0x0001c134      0x1b9 ./Core/Src/Clock.o
 .debug_macro   0x0001c2ed      0x122 ./Core/Src/Clock.o
 .debug_macro   0x0001c40f      0x26b ./Core/Src/Clock.o
 .debug_macro   0x0001c67a      0x23d ./Core/Src/Clock.o
 .debug_macro   0x0001c8b7       0xc7 ./Core/Src/Clock.o
 .debug_macro   0x0001c97e       0x4c ./Core/Src/Clock.o
 .debug_macro   0x0001c9ca      0x241 ./Core/Src/Clock.o
 .debug_macro   0x0001cc0b      0x375 ./Core/Src/Clock.o
 .debug_macro   0x0001cf80       0xd6 ./Core/Src/Clock.o
 .debug_macro   0x0001d056      0x22c ./Core/Src/Clock.o
 .debug_macro   0x0001d282       0x61 ./Core/Src/Clock.o
 .debug_macro   0x0001d2e3       0xa5 ./Core/Src/Clock.o
 .debug_macro   0x0001d388      0x122 ./Core/Src/Clock.o
 .debug_macro   0x0001d4aa      0x356 ./Core/Src/Clock.o
 .debug_macro   0x0001d800      0xa98 ./Core/Src/Clock.o
 .debug_macro   0x0001e298      0x12d ./Core/Src/Clock.o
 .debug_macro   0x0001e3c5      0x5cf ./Core/Src/Clock.o
 .debug_macro   0x0001e994       0x44 ./Core/Src/Clock.o
 .debug_macro   0x0001e9d8      0x220 ./Core/Src/Clock.o
 .debug_macro   0x0001ebf8       0x61 ./Core/Src/Clock.o
 .debug_macro   0x0001ec59       0x2a ./Core/Src/Clock.o
 .debug_macro   0x0001ec83       0x43 ./Core/Src/Clock.o
 .debug_macro   0x0001ecc6       0x34 ./Core/Src/Clock.o
 .debug_macro   0x0001ecfa       0x16 ./Core/Src/Clock.o
 .debug_macro   0x0001ed10       0x35 ./Core/Src/Clock.o
 .debug_macro   0x0001ed45      0x369 ./Core/Src/Clock.o
 .debug_macro   0x0001f0ae       0x10 ./Core/Src/Clock.o
 .debug_macro   0x0001f0be       0x16 ./Core/Src/Clock.o
 .debug_macro   0x0001f0d4       0x43 ./Core/Src/Clock.o
 .debug_macro   0x0001f117       0x34 ./Core/Src/Clock.o
 .debug_macro   0x0001f14b       0x10 ./Core/Src/Clock.o
 .debug_macro   0x0001f15b       0x58 ./Core/Src/Clock.o
 .debug_macro   0x0001f1b3       0x8e ./Core/Src/Clock.o
 .debug_macro   0x0001f241       0x1c ./Core/Src/Clock.o
 .debug_macro   0x0001f25d      0x177 ./Core/Src/Clock.o
 .debug_macro   0x0001f3d4       0x16 ./Core/Src/Clock.o
 .debug_macro   0x0001f3ea       0x16 ./Core/Src/Clock.o
 .debug_macro   0x0001f400      0x146 ./Core/Src/Clock.o
 .debug_macro   0x0001f546       0x16 ./Core/Src/Clock.o
 .debug_macro   0x0001f55c       0x20 ./Core/Src/Clock.o
 .debug_macro   0x0001f57c       0x16 ./Core/Src/Clock.o
 .debug_macro   0x0001f592       0x16 ./Core/Src/Clock.o
 .debug_macro   0x0001f5a8       0x29 ./Core/Src/Clock.o
 .debug_macro   0x0001f5d1       0x22 ./Core/Src/Clock.o
 .debug_macro   0x0001f5f3       0x94 ./Core/Src/Clock.o
 .debug_macro   0x0001f687       0x2e ./Core/Src/Clock.o
 .debug_macro   0x0001f6b5       0x16 ./Core/Src/Clock.o
 .debug_macro   0x0001f6cb       0x5f ./Core/Src/Clock.o
 .debug_macro   0x0001f72a      0x146 ./Core/Src/Clock.o
 .debug_macro   0x0001f870       0x76 ./Core/Src/Clock.o
 .debug_macro   0x0001f8e6       0x64 ./Core/Src/Clock.o
 .debug_macro   0x0001f94a       0x10 ./Core/Src/Clock.o
 .debug_macro   0x0001f95a      0x3c2 ./Core/Src/EEPROM.o
 .debug_macro   0x0001fd1c      0x373 ./Core/Src/LCD_I2C.o
 .debug_macro   0x0002008f      0x34b ./Core/Src/crc.o
 .debug_macro   0x000203da      0x22f ./Core/Src/eeprom_emul.o
 .debug_macro   0x00020609      0x233 ./Core/Src/flash_interface.o
 .debug_macro   0x0002083c      0x37d ./Core/Src/gpio.o
 .debug_macro   0x00020bb9      0x34b ./Core/Src/i2c.o
 .debug_macro   0x00020f04      0x400 ./Core/Src/main.o
 .debug_macro   0x00021304      0x341 ./Core/Src/stm32l4xx_hal_msp.o
 .debug_macro   0x00021645      0x34b ./Core/Src/stm32l4xx_it.o
 .debug_macro   0x00021990       0xff ./Core/Src/sysmem.o
 .debug_macro   0x00021a8f      0x23c ./Core/Src/sysmem.o
 .debug_macro   0x00021ccb      0x1ed ./Core/Src/system_stm32l4xx.o
 .debug_macro   0x00021eb8      0x34b ./Core/Src/tim.o
 .debug_macro   0x00022203      0x34b ./Core/Src/usart.o
 .debug_macro   0x0002254e      0x235 ./Drivers/STM32L4xx_HAL_Driver/Src/stm32l4xx_hal.o
 .debug_macro   0x00022783      0x1ed ./Drivers/STM32L4xx_HAL_Driver/Src/stm32l4xx_hal_cortex.o
 .debug_macro   0x00022970      0x1ed ./Drivers/STM32L4xx_HAL_Driver/Src/stm32l4xx_hal_crc.o
 .debug_macro   0x00022b5d      0x1ed ./Drivers/STM32L4xx_HAL_Driver/Src/stm32l4xx_hal_crc_ex.o
 .debug_macro   0x00022d4a      0x1f3 ./Drivers/STM32L4xx_HAL_Driver/Src/stm32l4xx_hal_flash.o
 .debug_macro   0x00022f3d      0x1ed ./Drivers/STM32L4xx_HAL_Driver/Src/stm32l4xx_hal_flash_ex.o
 .debug_macro   0x0002312a      0x1f4 ./Drivers/STM32L4xx_HAL_Driver/Src/stm32l4xx_hal_gpio.o
 .debug_macro   0x0002331e      0x2b9 ./Drivers/STM32L4xx_HAL_Driver/Src/stm32l4xx_hal_i2c.o
 .debug_macro   0x000235d7      0x1ed ./Drivers/STM32L4xx_HAL_Driver/Src/stm32l4xx_hal_i2c_ex.o
 .debug_macro   0x000237c4      0x205 ./Drivers/STM32L4xx_HAL_Driver/Src/stm32l4xx_hal_pwr.o
 .debug_macro   0x000239c9      0x211 ./Drivers/STM32L4xx_HAL_Driver/Src/stm32l4xx_hal_pwr_ex.o
 .debug_macro   0x00023bda      0x22f ./Drivers/STM32L4xx_HAL_Driver/Src/stm32l4xx_hal_rcc.o
 .debug_macro   0x00023e09      0x223 ./Drivers/STM32L4xx_HAL_Driver/Src/stm32l4xx_hal_rcc_ex.o
 .debug_macro   0x0002402c      0x1ee ./Drivers/STM32L4xx_HAL_Driver/Src/stm32l4xx_hal_tim.o
 .debug_macro   0x0002421a      0x1ed ./Drivers/STM32L4xx_HAL_Driver/Src/stm32l4xx_hal_tim_ex.o
 .debug_macro   0x00024407      0x218 ./Drivers/STM32L4xx_HAL_Driver/Src/stm32l4xx_hal_uart.o

.debug_line     0x00000000    0x20cea
 .debug_line    0x00000000     0x109a ./Core/Src/Clock.o
 .debug_line    0x0000109a      0xc30 ./Core/Src/EEPROM.o
 .debug_line    0x00001cca      0xb46 ./Core/Src/LCD_I2C.o
 .debug_line    0x00002810      0xa89 ./Core/Src/crc.o
 .debug_line    0x00003299     0x1cef ./Core/Src/eeprom_emul.o
 .debug_line    0x00004f88      0x943 ./Core/Src/flash_interface.o
 .debug_line    0x000058cb      0xad7 ./Core/Src/gpio.o
 .debug_line    0x000063a2      0xae0 ./Core/Src/i2c.o
 .debug_line    0x00006e82      0xbc1 ./Core/Src/main.o
 .debug_line    0x00007a43      0xa3f ./Core/Src/stm32l4xx_hal_msp.o
 .debug_line    0x00008482      0xb92 ./Core/Src/stm32l4xx_it.o
 .debug_line    0x00009014      0x65a ./Core/Src/sysmem.o
 .debug_line    0x0000966e      0x834 ./Core/Src/system_stm32l4xx.o
 .debug_line    0x00009ea2      0xb99 ./Core/Src/tim.o
 .debug_line    0x0000aa3b      0xad0 ./Core/Src/usart.o
 .debug_line    0x0000b50b       0x7a ./Core/Startup/startup_stm32l432kcux.o
 .debug_line    0x0000b585      0xafc ./Drivers/STM32L4xx_HAL_Driver/Src/stm32l4xx_hal.o
 .debug_line    0x0000c081      0xd58 ./Drivers/STM32L4xx_HAL_Driver/Src/stm32l4xx_hal_cortex.o
 .debug_line    0x0000cdd9      0xada ./Drivers/STM32L4xx_HAL_Driver/Src/stm32l4xx_hal_crc.o
 .debug_line    0x0000d8b3      0x856 ./Drivers/STM32L4xx_HAL_Driver/Src/stm32l4xx_hal_crc_ex.o
 .debug_line    0x0000e109      0xb45 ./Drivers/STM32L4xx_HAL_Driver/Src/stm32l4xx_hal_flash.o
 .debug_line    0x0000ec4e      0xc9e ./Drivers/STM32L4xx_HAL_Driver/Src/stm32l4xx_hal_flash_ex.o
 .debug_line    0x0000f8ec      0xb9e ./Drivers/STM32L4xx_HAL_Driver/Src/stm32l4xx_hal_gpio.o
 .debug_line    0x0001048a     0x3ac2 ./Drivers/STM32L4xx_HAL_Driver/Src/stm32l4xx_hal_i2c.o
 .debug_line    0x00013f4c      0x9b7 ./Drivers/STM32L4xx_HAL_Driver/Src/stm32l4xx_hal_i2c_ex.o
 .debug_line    0x00014903      0x966 ./Drivers/STM32L4xx_HAL_Driver/Src/stm32l4xx_hal_pwr.o
 .debug_line    0x00015269      0xc88 ./Drivers/STM32L4xx_HAL_Driver/Src/stm32l4xx_hal_pwr_ex.o
 .debug_line    0x00015ef1     0x1046 ./Drivers/STM32L4xx_HAL_Driver/Src/stm32l4xx_hal_rcc.o
 .debug_line    0x00016f37     0x1381 ./Drivers/STM32L4xx_HAL_Driver/Src/stm32l4xx_hal_rcc_ex.o
 .debug_line    0x000182b8     0x3c6e ./Drivers/STM32L4xx_HAL_Driver/Src/stm32l4xx_hal_tim.o
 .debug_line    0x0001bf26     0x1b90 ./Drivers/STM32L4xx_HAL_Driver/Src/stm32l4xx_hal_tim_ex.o
 .debug_line    0x0001dab6     0x3234 ./Drivers/STM32L4xx_HAL_Driver/Src/stm32l4xx_hal_uart.o

.debug_str      0x00000000    0xcfc3c
 .debug_str     0x00000000    0xc8f08 ./Core/Src/Clock.o
                              0xc9370 (size before relaxing)
 .debug_str     0x000c8f08      0x2f3 ./Core/Src/EEPROM.o
                              0xc8f51 (size before relaxing)
 .debug_str     0x000c91fb      0x2e6 ./Core/Src/LCD_I2C.o
                              0xc7d07 (size before relaxing)
 .debug_str     0x000c94e1      0x2f8 ./Core/Src/crc.o
                              0xc7a67 (size before relaxing)
 .debug_str     0x000c97d9      0x55c ./Core/Src/eeprom_emul.o
                              0xc5977 (size before relaxing)
 .debug_str     0x000c9d35       0xfc ./Core/Src/flash_interface.o
                              0xc5331 (size before relaxing)
 .debug_str     0x000c9e31      0x4a9 ./Core/Src/gpio.o